../Core/Src/stm32f0xx_hal_msp.c:64:6:HAL_MspInit	8	static
../Core/Src/stm32f0xx_hal_msp.c:86:6:HAL_I2C_MspInit	56	static
../Core/Src/stm32f0xx_hal_msp.c:130:6:HAL_I2C_MspDeInit	8	static
../Core/Src/stm32f0xx_hal_msp.c:161:6:HAL_RTC_MspInit	0	static
../Core/Src/stm32f0xx_hal_msp.c:183:6:HAL_RTC_MspDeInit	0	static
../Core/Src/stm32f0xx_hal_msp.c:205:6:HAL_TIM_Base_MspInit	8	static
../Core/Src/stm32f0xx_hal_msp.c:227:6:HAL_TIM_Base_MspDeInit	0	static
../Core/Src/stm32f0xx_hal_msp.c:249:6:HAL_UART_MspInit	40	static
../Core/Src/stm32f0xx_hal_msp.c:285:6:HAL_UART_MspDeInit	8	static
