../Core/Src/bmp180.c:38:6:bmp180_init	0	static
../Core/Src/bmp180.c:47:6:bmp180_set_oversampling	0	static
../Core/Src/bmp180.c:55:6:bmp180_update_calibration_data	48	static
../Core/Src/bmp180.c:74:6:bmp180_write_reg	24	static
../Core/Src/bmp180.c:84:9:bmp180_read_reg	40	static
../Core/Src/bmp180.c:95:9:bmp180_get_raw_temperature	32	static
../Core/Src/bmp180.c:109:7:bmp180_get_temperature	8	static
../Core/Src/bmp180.c:118:9:bmp180_get_pressure	56	static
../Core/Src/bmp180.c:150:9:bmp180_get_UT	32	static
../Core/Src/bmp180.c:155:9:bmp180_get_UP	32	static
../Core/Src/bmp180.c:160:7:bmp180_get_altitude	32	static
