Archive member included to satisfy reference by file (symbol)

C:/ST/STM32CubeIDE_1.16.0/STM32CubeIDE/plugins/com.st.stm32cube.ide.mcu.externaltools.gnu-tools-for-stm32.12.3.rel1.win32_1.0.200.202406191623/tools/bin/../lib/gcc/arm-none-eabi/12.3.1/../../../../arm-none-eabi/lib/thumb/v6-m/nofp\libc_nano.a(libc_a-exit.o)
                              C:/ST/STM32CubeIDE_1.16.0/STM32CubeIDE/plugins/com.st.stm32cube.ide.mcu.externaltools.gnu-tools-for-stm32.12.3.rel1.win32_1.0.200.202406191623/tools/bin/../lib/gcc/arm-none-eabi/12.3.1/../../../../arm-none-eabi/lib/thumb/v6-m/nofp/crt0.o (exit)
C:/ST/STM32CubeIDE_1.16.0/STM32CubeIDE/plugins/com.st.stm32cube.ide.mcu.externaltools.gnu-tools-for-stm32.12.3.rel1.win32_1.0.200.202406191623/tools/bin/../lib/gcc/arm-none-eabi/12.3.1/../../../../arm-none-eabi/lib/thumb/v6-m/nofp\libc_nano.a(libc_a-findfp.o)
                              C:/ST/STM32CubeIDE_1.16.0/STM32CubeIDE/plugins/com.st.stm32cube.ide.mcu.externaltools.gnu-tools-for-stm32.12.3.rel1.win32_1.0.200.202406191623/tools/bin/../lib/gcc/arm-none-eabi/12.3.1/../../../../arm-none-eabi/lib/thumb/v6-m/nofp\libc_nano.a(libc_a-exit.o) (__stdio_exit_handler)
C:/ST/STM32CubeIDE_1.16.0/STM32CubeIDE/plugins/com.st.stm32cube.ide.mcu.externaltools.gnu-tools-for-stm32.12.3.rel1.win32_1.0.200.202406191623/tools/bin/../lib/gcc/arm-none-eabi/12.3.1/../../../../arm-none-eabi/lib/thumb/v6-m/nofp\libc_nano.a(libc_a-fwalk.o)
                              C:/ST/STM32CubeIDE_1.16.0/STM32CubeIDE/plugins/com.st.stm32cube.ide.mcu.externaltools.gnu-tools-for-stm32.12.3.rel1.win32_1.0.200.202406191623/tools/bin/../lib/gcc/arm-none-eabi/12.3.1/../../../../arm-none-eabi/lib/thumb/v6-m/nofp\libc_nano.a(libc_a-findfp.o) (_fwalk_sglue)
C:/ST/STM32CubeIDE_1.16.0/STM32CubeIDE/plugins/com.st.stm32cube.ide.mcu.externaltools.gnu-tools-for-stm32.12.3.rel1.win32_1.0.200.202406191623/tools/bin/../lib/gcc/arm-none-eabi/12.3.1/../../../../arm-none-eabi/lib/thumb/v6-m/nofp\libc_nano.a(libc_a-sprintf.o)
                              ./Core/Src/main.o (sprintf)
C:/ST/STM32CubeIDE_1.16.0/STM32CubeIDE/plugins/com.st.stm32cube.ide.mcu.externaltools.gnu-tools-for-stm32.12.3.rel1.win32_1.0.200.202406191623/tools/bin/../lib/gcc/arm-none-eabi/12.3.1/../../../../arm-none-eabi/lib/thumb/v6-m/nofp\libc_nano.a(libc_a-stdio.o)
                              C:/ST/STM32CubeIDE_1.16.0/STM32CubeIDE/plugins/com.st.stm32cube.ide.mcu.externaltools.gnu-tools-for-stm32.12.3.rel1.win32_1.0.200.202406191623/tools/bin/../lib/gcc/arm-none-eabi/12.3.1/../../../../arm-none-eabi/lib/thumb/v6-m/nofp\libc_nano.a(libc_a-findfp.o) (__sread)
C:/ST/STM32CubeIDE_1.16.0/STM32CubeIDE/plugins/com.st.stm32cube.ide.mcu.externaltools.gnu-tools-for-stm32.12.3.rel1.win32_1.0.200.202406191623/tools/bin/../lib/gcc/arm-none-eabi/12.3.1/../../../../arm-none-eabi/lib/thumb/v6-m/nofp\libc_nano.a(libc_a-vsprintf.o)
                              ./Core/Src/lcd16x2.o (vsprintf)
C:/ST/STM32CubeIDE_1.16.0/STM32CubeIDE/plugins/com.st.stm32cube.ide.mcu.externaltools.gnu-tools-for-stm32.12.3.rel1.win32_1.0.200.202406191623/tools/bin/../lib/gcc/arm-none-eabi/12.3.1/../../../../arm-none-eabi/lib/thumb/v6-m/nofp\libc_nano.a(libc_a-memset.o)
                              C:/ST/STM32CubeIDE_1.16.0/STM32CubeIDE/plugins/com.st.stm32cube.ide.mcu.externaltools.gnu-tools-for-stm32.12.3.rel1.win32_1.0.200.202406191623/tools/bin/../lib/gcc/arm-none-eabi/12.3.1/../../../../arm-none-eabi/lib/thumb/v6-m/nofp/crt0.o (memset)
C:/ST/STM32CubeIDE_1.16.0/STM32CubeIDE/plugins/com.st.stm32cube.ide.mcu.externaltools.gnu-tools-for-stm32.12.3.rel1.win32_1.0.200.202406191623/tools/bin/../lib/gcc/arm-none-eabi/12.3.1/../../../../arm-none-eabi/lib/thumb/v6-m/nofp\libc_nano.a(libc_a-closer.o)
                              C:/ST/STM32CubeIDE_1.16.0/STM32CubeIDE/plugins/com.st.stm32cube.ide.mcu.externaltools.gnu-tools-for-stm32.12.3.rel1.win32_1.0.200.202406191623/tools/bin/../lib/gcc/arm-none-eabi/12.3.1/../../../../arm-none-eabi/lib/thumb/v6-m/nofp\libc_nano.a(libc_a-stdio.o) (_close_r)
C:/ST/STM32CubeIDE_1.16.0/STM32CubeIDE/plugins/com.st.stm32cube.ide.mcu.externaltools.gnu-tools-for-stm32.12.3.rel1.win32_1.0.200.202406191623/tools/bin/../lib/gcc/arm-none-eabi/12.3.1/../../../../arm-none-eabi/lib/thumb/v6-m/nofp\libc_nano.a(libc_a-reent.o)
                              C:/ST/STM32CubeIDE_1.16.0/STM32CubeIDE/plugins/com.st.stm32cube.ide.mcu.externaltools.gnu-tools-for-stm32.12.3.rel1.win32_1.0.200.202406191623/tools/bin/../lib/gcc/arm-none-eabi/12.3.1/../../../../arm-none-eabi/lib/thumb/v6-m/nofp\libc_nano.a(libc_a-closer.o) (errno)
C:/ST/STM32CubeIDE_1.16.0/STM32CubeIDE/plugins/com.st.stm32cube.ide.mcu.externaltools.gnu-tools-for-stm32.12.3.rel1.win32_1.0.200.202406191623/tools/bin/../lib/gcc/arm-none-eabi/12.3.1/../../../../arm-none-eabi/lib/thumb/v6-m/nofp\libc_nano.a(libc_a-impure.o)
[...]
Memory Configuration

Name             Origin             Length             Attributes
RAM              0x20000000         0x00001800         xrw
FLASH            0x08000000         0x00008000         xr
*default*        0x00000000         0xffffffff

Linker script and memory map

LOAD C:/ST/STM32CubeIDE_1.16.0/STM32CubeIDE/plugins/com.st.stm32cube.ide.mcu.externaltools.gnu-tools-for-stm32.12.3.rel1.win32_1.0.200.202406191623/tools/bin/../lib/gcc/arm-none-eabi/12.3.1/thumb/v6-m/nofp/crti.o
LOAD C:/ST/STM32CubeIDE_1.16.0/STM32CubeIDE/plugins/com.st.stm32cube.ide.mcu.externaltools.gnu-tools-for-stm32.12.3.rel1.win32_1.0.200.202406191623/tools/bin/../lib/gcc/arm-none-eabi/12.3.1/thumb/v6-m/nofp/crtbegin.o
LOAD C:/ST/STM32CubeIDE_1.16.0/STM32CubeIDE/plugins/com.st.stm32cube.ide.mcu.externaltools.gnu-tools-for-stm32.12.3.rel1.win32_1.0.200.202406191623/tools/bin/../lib/gcc/arm-none-eabi/12.3.1/../../../../arm-none-eabi/lib/thumb/v6-m/nofp/crt0.o
LOAD ./Core/Src/bmp180.o
LOAD ./Core/Src/dht.o
LOAD ./Core/Src/lcd16x2.o
LOAD ./Core/Src/main.o
LOAD ./Core/Src/stm32f0xx_hal_msp.o
LOAD ./Core/Src/stm32f0xx_it.o
LOAD ./Core/Src/syscalls.o
LOAD ./Core/Src/sysmem.o
LOAD ./Core/Src/system_stm32f0xx.o
LOAD ./Core/Startup/startup_stm32f042k6tx.o
LOAD ./Drivers/STM32F0xx_HAL_Driver/Src/stm32f0xx_hal.o
LOAD ./Drivers/STM32F0xx_HAL_Driver/Src/stm32f0xx_hal_cortex.o
LOAD ./Drivers/STM32F0xx_HAL_Driver/Src/stm32f0xx_hal_dma.o
LOAD ./Drivers/STM32F0xx_HAL_Driver/Src/stm32f0xx_hal_exti.o
LOAD ./Drivers/STM32F0xx_HAL_Driver/Src/stm32f0xx_hal_flash.o
LOAD ./Drivers/STM32F0xx_HAL_Driver/Src/stm32f0xx_hal_flash_ex.o
LOAD ./Drivers/STM32F0xx_HAL_Driver/Src/stm32f0xx_hal_gpio.o
LOAD ./Drivers/STM32F0xx_HAL_Driver/Src/stm32f0xx_hal_i2c.o
LOAD ./Drivers/STM32F0xx_HAL_Driver/Src/stm32f0xx_hal_i2c_ex.o
LOAD ./Drivers/STM32F0xx_HAL_Driver/Src/stm32f0xx_hal_pwr.o
LOAD ./Drivers/STM32F0xx_HAL_Driver/Src/stm32f0xx_hal_pwr_ex.o
LOAD ./Drivers/STM32F0xx_HAL_Driver/Src/stm32f0xx_hal_rcc.o
LOAD ./Drivers/STM32F0xx_HAL_Driver/Src/stm32f0xx_hal_rcc_ex.o
LOAD ./Drivers/STM32F0xx_HAL_Driver/Src/stm32f0xx_hal_rtc.o
LOAD ./Drivers/STM32F0xx_HAL_Driver/Src/stm32f0xx_hal_rtc_ex.o
LOAD ./Drivers/STM32F0xx_HAL_Driver/Src/stm32f0xx_hal_tim.o
LOAD ./Drivers/STM32F0xx_HAL_Driver/Src/stm32f0xx_hal_tim_ex.o
LOAD ./Drivers/STM32F0xx_HAL_Driver/Src/stm32f0xx_hal_uart.o
LOAD ./Drivers/STM32F0xx_HAL_Driver/Src/stm32f0xx_hal_uart_ex.o
START GROUP
LOAD C:/ST/STM32CubeIDE_1.16.0/STM32CubeIDE/plugins/com.st.stm32cube.ide.mcu.externaltools.gnu-tools-for-stm32.12.3.rel1.win32_1.0.200.202406191623/tools/bin/../lib/gcc/arm-none-eabi/12.3.1/../../../../arm-none-eabi/lib/thumb/v6-m/nofp\libc_nano.a
LOAD C:/ST/STM32CubeIDE_1.16.0/STM32CubeIDE/plugins/com.st.stm32cube.ide.mcu.externaltools.gnu-tools-for-stm32.12.3.rel1.win32_1.0.200.202406191623/tools/bin/../lib/gcc/arm-none-eabi/12.3.1/../../../../arm-none-eabi/lib/thumb/v6-m/nofp\libm.a
END GROUP
START GROUP
LOAD C:/ST/STM32CubeIDE_1.16.0/STM32CubeIDE/plugins/com.st.stm32cube.ide.mcu.externaltools.gnu-tools-for-stm32.12.3.rel1.win32_1.0.200.202406191623/tools/bin/../lib/gcc/arm-none-eabi/12.3.1/thumb/v6-m/nofp\libgcc.a
LOAD C:/ST/STM32CubeIDE_1.16.0/STM32CubeIDE/plugins/com.st.stm32cube.ide.mcu.externaltools.gnu-tools-for-stm32.12.3.rel1.win32_1.0.200.202406191623/tools/bin/../lib/gcc/arm-none-eabi/12.3.1/../../../../arm-none-eabi/lib/thumb/v6-m/nofp\libc_nano.a
END GROUP
START GROUP
LOAD C:/ST/STM32CubeIDE_1.16.0/STM32CubeIDE/plugins/com.st.stm32cube.ide.mcu.externaltools.gnu-tools-for-stm32.12.3.rel1.win32_1.0.200.202406191623/tools/bin/../lib/gcc/arm-none-eabi/12.3.1/thumb/v6-m/nofp\libgcc.a
LOAD C:/ST/STM32CubeIDE_1.16.0/STM32CubeIDE/plugins/com.st.stm32cube.ide.mcu.externaltools.gnu-tools-for-stm32.12.3.rel1.win32_1.0.200.202406191623/tools/bin/../lib/gcc/arm-none-eabi/12.3.1/../../../../arm-none-eabi/lib/thumb/v6-m/nofp\libc_nano.a
LOAD C:/ST/STM32CubeIDE_1.16.0/STM32CubeIDE/plugins/com.st.stm32cube.ide.mcu.externaltools.gnu-tools-for-stm32.12.3.rel1.win32_1.0.200.202406191623/tools/bin/../lib/gcc/arm-none-eabi/12.3.1/../../../../arm-none-eabi/lib/thumb/v6-m/nofp\libnosys.a
END GROUP
START GROUP
LOAD C:/ST/STM32CubeIDE_1.16.0/STM32CubeIDE/plugins/com.st.stm32cube.ide.mcu.externaltools.gnu-tools-for-stm32.12.3.rel1.win32_1.0.200.202406191623/tools/bin/../lib/gcc/arm-none-eabi/12.3.1/thumb/v6-m/nofp\libgcc.a
LOAD C:/ST/STM32CubeIDE_1.16.0/STM32CubeIDE/plugins/com.st.stm32cube.ide.mcu.externaltools.gnu-tools-for-stm32.12.3.rel1.win32_1.0.200.202406191623/tools/bin/../lib/gcc/arm-none-eabi/12.3.1/../../../../arm-none-eabi/lib/thumb/v6-m/nofp\libc_nano.a
LOAD C:/ST/STM32CubeIDE_1.16.0/STM32CubeIDE/plugins/com.st.stm32cube.ide.mcu.externaltools.gnu-tools-for-stm32.12.3.rel1.win32_1.0.200.202406191623/tools/bin/../lib/gcc/arm-none-eabi/12.3.1/../../../../arm-none-eabi/lib/thumb/v6-m/nofp\libnosys.a
END GROUP
LOAD C:/ST/STM32CubeIDE_1.16.0/STM32CubeIDE/plugins/com.st.stm32cube.ide.mcu.externaltools.gnu-tools-for-stm32.12.3.rel1.win32_1.0.200.202406191623/tools/bin/../lib/gcc/arm-none-eabi/12.3.1/thumb/v6-m/nofp/crtend.o
LOAD C:/ST/STM32CubeIDE_1.16.0/STM32CubeIDE/plugins/com.st.stm32cube.ide.mcu.externaltools.gnu-tools-for-stm32.12.3.rel1.win32_1.0.200.202406191623/tools/bin/../lib/gcc/arm-none-eabi/12.3.1/thumb/v6-m/nofp/crtn.o
                0x20001800                        _estack = (ORIGIN (RAM) + LENGTH (RAM))
                0x00000200                        _Min_Heap_Size = 0x200
                0x00000400                        _Min_Stack_Size = 0x400

.isr_vector     0x08000000       0xc0
                0x08000000                        . = ALIGN (0x4)
 *(.isr_vector)
 .isr_vector    0x08000000       0xc0 ./Core/Startup/startup_stm32f042k6tx.o
                0x08000000                g_pfnVectors
                0x080000c0                        . = ALIGN (0x4)

.text           0x080000c0     0x6f70
                0x080000c0                        . = ALIGN (0x4)
 *(.text)
 .text          0x080000c0       0x48 C:/ST/STM32CubeIDE_1.16.0/STM32CubeIDE/plugins/com.st.stm32cube.ide.mcu.externaltools.gnu-tools-for-stm32.12.3.rel1.win32_1.0.200.202406191623/tools/bin/../lib/gcc/arm-none-eabi/12.3.1/thumb/v6-m/nofp/crtbegin.o
 .text          0x08000108        0xe C:/ST/STM32CubeIDE_1.16.0/STM32CubeIDE/plugins/com.st.stm32cube.ide.mcu.externaltools.gnu-tools-for-stm32.12.3.rel1.win32_1.0.200.202406191623/tools/bin/../lib/gcc/arm-none-eabi/12.3.1/../../../../arm-none-eabi/lib/thumb/v6-m/nofp\libc_nano.a(libc_a-strlen.o)
                0x08000108                strlen
 *fill*         0x08000116        0x2 
 .text          0x08000118       0x14 C:/ST/STM32CubeIDE_1.16.0/STM32CubeIDE/plugins/com.st.stm32cube.ide.mcu.externaltools.gnu-tools-for-stm32.12.3.rel1.win32_1.0.200.202406191623/tools/bin/../lib/gcc/arm-none-eabi/12.3.1/thumb/v6-m/nofp\libgcc.a(_thumb1_case_shi.o)
                0x08000118                __gnu_thumb1_case_shi
 .text          0x0800012c      0x114 C:/ST/STM32CubeIDE_1.16.0/STM32CubeIDE/plugins/com.st.stm32cube.ide.mcu.externaltools.gnu-tools-for-stm32.12.3.rel1.win32_1.0.200.202406191623/tools/bin/../lib/gcc/arm-none-eabi/12.3.1/thumb/v6-m/nofp\libgcc.a(_udivsi3.o)
                0x0800012c                __aeabi_uidiv
                0x0800012c                __udivsi3
                0x08000238                __aeabi_uidivmod
 .text          0x08000240      0x1d4 C:/ST/STM32CubeIDE_1.16.0/STM32CubeIDE/plugins/com.st.stm32cube.ide.mcu.externaltools.gnu-tools-for-stm32.12.3.rel1.win32_1.0.200.202406191623/tools/bin/../lib/gcc/arm-none-eabi/12.3.1/thumb/v6-m/nofp\libgcc.a(_divsi3.o)
                0x08000240                __divsi3
                0x08000240                __aeabi_idiv
                0x0800040c                __aeabi_idivmod
 .text          0x08000414        0x4 C:/ST/STM32CubeIDE_1.16.0/STM32CubeIDE/plugins/com.st.stm32cube.ide.mcu.externaltools.gnu-tools-for-stm32.12.3.rel1.win32_1.0.200.202406191623/tools/bin/../lib/gcc/arm-none-eabi/12.3.1/thumb/v6-m/nofp\libgcc.a(_dvmd_tls.o)
                0x08000414                __aeabi_idiv0
                0x08000414                __aeabi_ldiv0
 .text          0x08000418       0x7c C:/ST/STM32CubeIDE_1.16.0/STM32CubeIDE/plugins/com.st.stm32cube.ide.mcu.externaltools.gnu-tools-for-stm32.12.3.rel1.win32_1.0.200.202406191623/tools/bin/../lib/gcc/arm-none-eabi/12.3.1/thumb/v6-m/nofp\libgcc.a(_arm_cmpdf2.o)
                0x08000418                __aeabi_cdrcmple
                0x08000428                __aeabi_cdcmple
                0x08000428                __aeabi_cdcmpeq
                0x08000438                __aeabi_dcmpeq
                0x08000444                __aeabi_dcmplt
                0x08000458                __aeabi_dcmple
                0x0800046c                __aeabi_dcmpgt
                0x08000480                __aeabi_dcmpge
 .text          0x08000494       0x40 C:/ST/STM32CubeIDE_1.16.0/STM32CubeIDE/plugins/com.st.stm32cube.ide.mcu.externaltools.gnu-tools-for-stm32.12.3.rel1.win32_1.0.200.202406191623/tools/bin/../lib/gcc/arm-none-eabi/12.3.1/thumb/v6-m/nofp\libgcc.a(fixsfsi.o)
                0x08000494                __aeabi_f2iz
 .text          0x080004d4      0x6c8 C:/ST/STM32CubeIDE_1.16.0/STM32CubeIDE/plugins/com.st.stm32cube.ide.mcu.externaltools.gnu-tools-for-stm32.12.3.rel1.win32_1.0.200.202406191623/tools/bin/../lib/gcc/arm-none-eabi/12.3.1/thumb/v6-m/nofp\libgcc.a(adddf3.o)
                0x080004d4                __aeabi_dadd
 .text          0x08000b9c      0x634 C:/ST/STM32CubeIDE_1.16.0/STM32CubeIDE/plugins/com.st.stm32cube.ide.mcu.externaltools.gnu-tools-for-stm32.12.3.rel1.win32_1.0.200.202406191623/tools/bin/../lib/gcc/arm-none-eabi/12.3.1/thumb/v6-m/nofp\libgcc.a(divdf3.o)
                0x08000b9c                __aeabi_ddiv
 .text          0x080011d0       0x88 C:/ST/STM32CubeIDE_1.16.0/STM32CubeIDE/plugins/com.st.stm32cube.ide.mcu.externaltools.gnu-tools-for-stm32.12.3.rel1.win32_1.0.200.202406191623/tools/bin/../lib/gcc/arm-none-eabi/12.3.1/thumb/v6-m/nofp\libgcc.a(eqdf2.o)
                0x080011d0                __nedf2
                0x080011d0                __eqdf2
 .text          0x08001258       0xe8 C:/ST/STM32CubeIDE_1.16.0/STM32CubeIDE/plugins/com.st.stm32cube.ide.mcu.externaltools.gnu-tools-for-stm32.12.3.rel1.win32_1.0.200.202406191623/tools/bin/../lib/gcc/arm-none-eabi/12.3.1/thumb/v6-m/nofp\libgcc.a(gedf2.o)
                0x08001258                __gedf2
                0x08001258                __gtdf2
 .text          0x08001340       0xe4 C:/ST/STM32CubeIDE_1.16.0/STM32CubeIDE/plugins/com.st.stm32cube.ide.mcu.externaltools.gnu-tools-for-stm32.12.3.rel1.win32_1.0.200.202406191623/tools/bin/../lib/gcc/arm-none-eabi/12.3.1/thumb/v6-m/nofp\libgcc.a(ledf2.o)
                0x08001340                __ledf2
                0x08001340                __ltdf2
 .text          0x08001424      0x590 C:/ST/STM32CubeIDE_1.16.0/STM32CubeIDE/plugins/com.st.stm32cube.ide.mcu.externaltools.gnu-tools-for-stm32.12.3.rel1.win32_1.0.200.202406191623/tools/bin/../lib/gcc/arm-none-eabi/12.3.1/thumb/v6-m/nofp\libgcc.a(muldf3.o)
                0x08001424                __aeabi_dmul
 .text          0x080019b4      0x738 C:/ST/STM32CubeIDE_1.16.0/STM32CubeIDE/plugins/com.st.stm32cube.ide.mcu.externaltools.gnu-tools-for-stm32.12.3.rel1.win32_1.0.200.202406191623/tools/bin/../lib/gcc/arm-none-eabi/12.3.1/thumb/v6-m/nofp\libgcc.a(subdf3.o)
                0x080019b4                __aeabi_dsub
 .text          0x080020ec       0x44 C:/ST/STM32CubeIDE_1.16.0/STM32CubeIDE/plugins/com.st.stm32cube.ide.mcu.externaltools.gnu-tools-for-stm32.12.3.rel1.win32_1.0.200.202406191623/tools/bin/../lib/gcc/arm-none-eabi/12.3.1/thumb/v6-m/nofp\libgcc.a(unorddf2.o)
                0x080020ec                __aeabi_dcmpun
 .text          0x08002130       0x78 C:/ST/STM32CubeIDE_1.16.0/STM32CubeIDE/plugins/com.st.stm32cube.ide.mcu.externaltools.gnu-tools-for-stm32.12.3.rel1.win32_1.0.200.202406191623/tools/bin/../lib/gcc/arm-none-eabi/12.3.1/thumb/v6-m/nofp\libgcc.a(fixdfsi.o)
                0x08002130                __aeabi_d2iz
 .text          0x080021a8       0x5c C:/ST/STM32CubeIDE_1.16.0/STM32CubeIDE/plugins/com.st.stm32cube.ide.mcu.externaltools.gnu-tools-for-stm32.12.3.rel1.win32_1.0.200.202406191623/tools/bin/../lib/gcc/arm-none-eabi/12.3.1/thumb/v6-m/nofp\libgcc.a(floatsidf.o)
                0x080021a8                __aeabi_i2d
 .text          0x08002204       0x90 C:/ST/STM32CubeIDE_1.16.0/STM32CubeIDE/plugins/com.st.stm32cube.ide.mcu.externaltools.gnu-tools-for-stm32.12.3.rel1.win32_1.0.200.202406191623/tools/bin/../lib/gcc/arm-none-eabi/12.3.1/thumb/v6-m/nofp\libgcc.a(extendsfdf2.o)
                0x08002204                __aeabi_f2d
 .text          0x08002294      0x108 C:/ST/STM32CubeIDE_1.16.0/STM32CubeIDE/plugins/com.st.stm32cube.ide.mcu.externaltools.gnu-tools-for-stm32.12.3.rel1.win32_1.0.200.202406191623/tools/bin/../lib/gcc/arm-none-eabi/12.3.1/thumb/v6-m/nofp\libgcc.a(truncdfsf2.o)
                0x08002294                __aeabi_d2f
 .text          0x0800239c       0x3c C:/ST/STM32CubeIDE_1.16.0/STM32CubeIDE/plugins/com.st.stm32cube.ide.mcu.externaltools.gnu-tools-for-stm32.12.3.rel1.win32_1.0.200.202406191623/tools/bin/../lib/gcc/arm-none-eabi/12.3.1/thumb/v6-m/nofp\libgcc.a(_clzsi2.o)
                0x0800239c                __clzsi2
 *(.text*)
 .text.bmp180_init
                0x080023d8        0xc ./Core/Src/bmp180.o
                0x080023d8                bmp180_init
 .text.bmp180_set_oversampling
                0x080023e4        0xc ./Core/Src/bmp180.o
                0x080023e4                bmp180_set_oversampling
 .text.bmp180_update_calibration_data
                0x080023f0      0x39c ./Core/Src/bmp180.o
                0x080023f0                bmp180_update_calibration_data
 .text.bmp180_get_raw_temperature
                0x0800278c       0xbc ./Core/Src/bmp180.o
                0x0800278c                bmp180_get_raw_temperature
 .text.bmp180_get_temperature
                0x08002848       0x1c ./Core/Src/bmp180.o
                0x08002848                bmp180_get_temperature
 .text.bmp180_get_pressure
                0x08002864      0x280 ./Core/Src/bmp180.o
                0x08002864                bmp180_get_pressure
 .text.dht_init
                0x08002ae4       0x1c ./Core/Src/dht.o
                0x08002ae4                dht_init
 .text.dht_readSensor
                0x08002b00      0x150 ./Core/Src/dht.o
                0x08002b00                dht_readSensor
 .text.dht_read
                0x08002c50       0x90 ./Core/Src/dht.o
                0x08002c50                dht_read
 .text.dht_calc_dewpoint
                0x08002ce0       0xc8 ./Core/Src/dht.o
                0x08002ce0                dht_calc_dewpoint
 .text.lcd16x2_enablePulse
                0x08002da8       0x30 ./Core/Src/lcd16x2.o
 .text.lcd16x2_write
                0x08002dd8      0x158 ./Core/Src/lcd16x2.o
 .text.lcd16x2_write4
                0x08002f30       0x68 ./Core/Src/lcd16x2.o
 .text.lcd16x2_writeData
                0x08002f98       0x24 ./Core/Src/lcd16x2.o
                0x08002f98                lcd16x2_writeData
 .text.lcd16x2_init_4bits
                0x08002fbc       0xec ./Core/Src/lcd16x2.o
                0x08002fbc                lcd16x2_init_4bits
 .text.lcd16x2_setCursor
                0x080030a8       0x3c ./Core/Src/lcd16x2.o
                0x080030a8                lcd16x2_setCursor
 .text.lcd16x2_1stLine
                0x080030e4       0x20 ./Core/Src/lcd16x2.o
                0x080030e4                lcd16x2_1stLine
 .text.lcd16x2_2ndLine
                0x08003104       0x20 ./Core/Src/lcd16x2.o
                0x08003104                lcd16x2_2ndLine
 .text.lcd16x2_cursorShow
                0x08003124       0x3c ./Core/Src/lcd16x2.o
                0x08003124                lcd16x2_cursorShow
 .text.lcd16x2_clear
                0x08003160       0x28 ./Core/Src/lcd16x2.o
                0x08003160                lcd16x2_clear
 .text.lcd16x2_printf
                0x08003188       0x60 ./Core/Src/lcd16x2.o
                0x08003188                lcd16x2_printf
 .text.lcd16x2_custom_char
                0x080031e8       0x54 ./Core/Src/lcd16x2.o
                0x080031e8                lcd16x2_custom_char
 .text.delay_us
                0x0800323c       0x24 ./Core/Src/main.o
                0x0800323c                delay_us
 .text.set_time
                0x08003260      0x1f8 ./Core/Src/main.o
                0x08003260                set_time
 .text.set_date
                0x08003458      0x270 ./Core/Src/main.o
                0x08003458                set_date
 .text.set_pressure_unit
                0x080036c8      0x11c ./Core/Src/main.o
                0x080036c8                set_pressure_unit
 .text.set_temperature_unit
                0x080037e4      0x104 ./Core/Src/main.o
                0x080037e4                set_temperature_unit
 .text.main_menu
                0x080038e8      0x140 ./Core/Src/main.o
                0x080038e8                main_menu
 .text.SystemClock_Config
                0x08003a28       0x8c ./Core/Src/main.o
                0x08003a28                SystemClock_Config
 .text.startup.main
                0x08003ab4      0x618 ./Core/Src/main.o
                0x08003ab4                main
 .text.HAL_MspInit
                0x080040cc       0x30 ./Core/Src/stm32f0xx_hal_msp.o
                0x080040cc                HAL_MspInit
 .text.HAL_I2C_MspInit
                0x080040fc       0x98 ./Core/Src/stm32f0xx_hal_msp.o
                0x080040fc                HAL_I2C_MspInit
 .text.HAL_RTC_MspInit
                0x08004194       0x20 ./Core/Src/stm32f0xx_hal_msp.o
                0x08004194                HAL_RTC_MspInit
 .text.HAL_TIM_Base_MspInit
                0x080041b4       0x2c ./Core/Src/stm32f0xx_hal_msp.o
                0x080041b4                HAL_TIM_Base_MspInit
 .text.HAL_UART_MspInit
                0x080041e0       0x68 ./Core/Src/stm32f0xx_hal_msp.o
                0x080041e0                HAL_UART_MspInit
 .text.NMI_Handler
                0x08004248        0x4 ./Core/Src/stm32f0xx_it.o
                0x08004248                NMI_Handler
 .text.HardFault_Handler
                0x0800424c        0x4 ./Core/Src/stm32f0xx_it.o
                0x0800424c                HardFault_Handler
 .text.SVC_Handler
                0x08004250        0x4 ./Core/Src/stm32f0xx_it.o
                0x08004250                SVC_Handler
 .text.PendSV_Handler
                0x08004254        0x4 ./Core/Src/stm32f0xx_it.o
                0x08004254                PendSV_Handler
 .text.SysTick_Handler
                0x08004258        0x8 ./Core/Src/stm32f0xx_it.o
                0x08004258                SysTick_Handler
 .text._sbrk    0x08004260       0x44 ./Core/Src/sysmem.o
                0x08004260                _sbrk
 .text.SystemInit
                0x080042a4        0x4 ./Core/Src/system_stm32f0xx.o
                0x080042a4                SystemInit
 .text.Reset_Handler
                0x080042a8       0x80 ./Core/Startup/startup_stm32f042k6tx.o
                0x080042a8                Reset_Handler
 .text.Default_Handler
                0x08004328        0x2 ./Core/Startup/startup_stm32f042k6tx.o
                0x08004328                TIM1_CC_IRQHandler
                0x08004328                TSC_IRQHandler
                0x08004328                I2C1_IRQHandler
                0x08004328                RCC_CRS_IRQHandler
                0x08004328                SPI1_IRQHandler
                0x08004328                EXTI2_3_IRQHandler
                0x08004328                ADC1_IRQHandler
                0x08004328                TIM17_IRQHandler
                0x08004328                CEC_CAN_IRQHandler
                0x08004328                RTC_IRQHandler
                0x08004328                PVD_VDDIO2_IRQHandler
                0x08004328                TIM16_IRQHandler
                0x08004328                TIM3_IRQHandler
                0x08004328                EXTI4_15_IRQHandler
                0x08004328                DMA1_Channel1_IRQHandler
                0x08004328                Default_Handler
                0x08004328                TIM14_IRQHandler
                0x08004328                DMA1_Channel4_5_IRQHandler
                0x08004328                EXTI0_1_IRQHandler
                0x08004328                USB_IRQHandler
                0x08004328                SPI2_IRQHandler
                0x08004328                WWDG_IRQHandler
                0x08004328                TIM2_IRQHandler
                0x08004328                DMA1_Channel2_3_IRQHandler
                0x08004328                USART2_IRQHandler
                0x08004328                FLASH_IRQHandler
                0x08004328                USART1_IRQHandler
                0x08004328                TIM1_BRK_UP_TRG_COM_IRQHandler
 *fill*         0x0800432a        0x2 
 .text.HAL_InitTick
                0x0800432c       0x4c ./Drivers/STM32F0xx_HAL_Driver/Src/stm32f0xx_hal.o
                0x0800432c                HAL_InitTick
 .text.HAL_Init
                0x08004378       0x20 ./Drivers/STM32F0xx_HAL_Driver/Src/stm32f0xx_hal.o
                0x08004378                HAL_Init
 .text.HAL_IncTick
                0x08004398       0x18 ./Drivers/STM32F0xx_HAL_Driver/Src/stm32f0xx_hal.o
                0x08004398                HAL_IncTick
 .text.HAL_GetTick
                0x080043b0        0xc ./Drivers/STM32F0xx_HAL_Driver/Src/stm32f0xx_hal.o
                0x080043b0                HAL_GetTick
 .text.HAL_Delay
                0x080043bc       0x24 ./Drivers/STM32F0xx_HAL_Driver/Src/stm32f0xx_hal.o
                0x080043bc                HAL_Delay
 .text.HAL_NVIC_SetPriority
                0x080043e0       0x54 ./Drivers/STM32F0xx_HAL_Driver/Src/stm32f0xx_hal_cortex.o
                0x080043e0                HAL_NVIC_SetPriority
 .text.HAL_SYSTICK_Config
                0x08004434       0x34 ./Drivers/STM32F0xx_HAL_Driver/Src/stm32f0xx_hal_cortex.o
                0x08004434                HAL_SYSTICK_Config
 .text.HAL_GPIO_Init
                0x08004468      0x1ec ./Drivers/STM32F0xx_HAL_Driver/Src/stm32f0xx_hal_gpio.o
                0x08004468                HAL_GPIO_Init
 .text.HAL_GPIO_ReadPin
                0x08004654        0xc ./Drivers/STM32F0xx_HAL_Driver/Src/stm32f0xx_hal_gpio.o
                0x08004654                HAL_GPIO_ReadPin
 .text.HAL_GPIO_WritePin
                0x08004660        0xc ./Drivers/STM32F0xx_HAL_Driver/Src/stm32f0xx_hal_gpio.o
                0x08004660                HAL_GPIO_WritePin
 .text.HAL_GPIO_TogglePin
                0x0800466c       0x10 ./Drivers/STM32F0xx_HAL_Driver/Src/stm32f0xx_hal_gpio.o
                0x0800466c                HAL_GPIO_TogglePin
 .text.I2C_WaitOnFlagUntilTimeout
                0x0800467c       0x7c ./Drivers/STM32F0xx_HAL_Driver/Src/stm32f0xx_hal_i2c.o
 .text.I2C_IsErrorOccurred
                0x080046f8      0x11c ./Drivers/STM32F0xx_HAL_Driver/Src/stm32f0xx_hal_i2c.o
 .text.I2C_WaitOnTXISFlagUntilTimeout
                0x08004814       0x60 ./Drivers/STM32F0xx_HAL_Driver/Src/stm32f0xx_hal_i2c.o
 .text.I2C_WaitOnSTOPFlagUntilTimeout
                0x08004874       0x60 ./Drivers/STM32F0xx_HAL_Driver/Src/stm32f0xx_hal_i2c.o
 .text.I2C_WaitOnRXNEFlagUntilTimeout
                0x080048d4       0xb8 ./Drivers/STM32F0xx_HAL_Driver/Src/stm32f0xx_hal_i2c.o
 .text.HAL_I2C_Init
                0x0800498c       0xb0 ./Drivers/STM32F0xx_HAL_Driver/Src/stm32f0xx_hal_i2c.o
                0x0800498c                HAL_I2C_Init
 .text.HAL_I2C_Master_Transmit
                0x08004a3c      0x1a4 ./Drivers/STM32F0xx_HAL_Driver/Src/stm32f0xx_hal_i2c.o
                0x08004a3c                HAL_I2C_Master_Transmit
 .text.HAL_I2C_Master_Receive
                0x08004be0      0x1a8 ./Drivers/STM32F0xx_HAL_Driver/Src/stm32f0xx_hal_i2c.o
                0x08004be0                HAL_I2C_Master_Receive
 .text.HAL_I2CEx_ConfigAnalogFilter
                0x08004d88       0x4c ./Drivers/STM32F0xx_HAL_Driver/Src/stm32f0xx_hal_i2c_ex.o
                0x08004d88                HAL_I2CEx_ConfigAnalogFilter
 .text.HAL_I2CEx_ConfigDigitalFilter
                0x08004dd4       0x5c ./Drivers/STM32F0xx_HAL_Driver/Src/stm32f0xx_hal_i2c_ex.o
                0x08004dd4                HAL_I2CEx_ConfigDigitalFilter
 .text.HAL_RCC_OscConfig
                0x08004e30      0x56c ./Drivers/STM32F0xx_HAL_Driver/Src/stm32f0xx_hal_rcc.o
                0x08004e30                HAL_RCC_OscConfig
 .text.HAL_RCC_GetSysClockFreq
                0x0800539c       0x74 ./Drivers/STM32F0xx_HAL_Driver/Src/stm32f0xx_hal_rcc.o
                0x0800539c                HAL_RCC_GetSysClockFreq
 .text.HAL_RCC_ClockConfig
                0x08005410      0x128 ./Drivers/STM32F0xx_HAL_Driver/Src/stm32f0xx_hal_rcc.o
                0x08005410                HAL_RCC_ClockConfig
 .text.HAL_RCC_GetPCLK1Freq
                0x08005538       0x20 ./Drivers/STM32F0xx_HAL_Driver/Src/stm32f0xx_hal_rcc.o
                0x08005538                HAL_RCC_GetPCLK1Freq
 .text.HAL_RCCEx_PeriphCLKConfig
                0x08005558      0x154 ./Drivers/STM32F0xx_HAL_Driver/Src/stm32f0xx_hal_rcc_ex.o
                0x08005558                HAL_RCCEx_PeriphCLKConfig
 .text.HAL_RTC_GetTime
                0x080056ac       0x78 ./Drivers/STM32F0xx_HAL_Driver/Src/stm32f0xx_hal_rtc.o
                0x080056ac                HAL_RTC_GetTime
 .text.HAL_RTC_GetDate
                0x08005724       0x5c ./Drivers/STM32F0xx_HAL_Driver/Src/stm32f0xx_hal_rtc.o
                0x08005724                HAL_RTC_GetDate
 .text.RTC_EnterInitMode
                0x08005780       0x50 ./Drivers/STM32F0xx_HAL_Driver/Src/stm32f0xx_hal_rtc.o
                0x08005780                RTC_EnterInitMode
 .text.RTC_ExitInitMode
                0x080057d0       0x4c ./Drivers/STM32F0xx_HAL_Driver/Src/stm32f0xx_hal_rtc.o
                0x080057d0                RTC_ExitInitMode
 .text.HAL_RTC_Init
                0x0800581c       0xa4 ./Drivers/STM32F0xx_HAL_Driver/Src/stm32f0xx_hal_rtc.o
                0x0800581c                HAL_RTC_Init
 .text.HAL_RTC_SetTime
                0x080058c0       0xfc ./Drivers/STM32F0xx_HAL_Driver/Src/stm32f0xx_hal_rtc.o
                0x080058c0                HAL_RTC_SetTime
 .text.HAL_RTC_SetDate
                0x080059bc       0xd0 ./Drivers/STM32F0xx_HAL_Driver/Src/stm32f0xx_hal_rtc.o
                0x080059bc                HAL_RTC_SetDate
 .text.HAL_TIM_Base_Start
                0x08005a8c       0x54 ./Drivers/STM32F0xx_HAL_Driver/Src/stm32f0xx_hal_tim.o
                0x08005a8c                HAL_TIM_Base_Start
 .text.HAL_TIM_ConfigClockSource
                0x08005ae0      0x16c ./Drivers/STM32F0xx_HAL_Driver/Src/stm32f0xx_hal_tim.o
                0x08005ae0                HAL_TIM_ConfigClockSource
 .text.TIM_Base_SetConfig
                0x08005c4c       0x90 ./Drivers/STM32F0xx_HAL_Driver/Src/stm32f0xx_hal_tim.o
                0x08005c4c                TIM_Base_SetConfig
 .text.HAL_TIM_Base_Init
                0x08005cdc       0x58 ./Drivers/STM32F0xx_HAL_Driver/Src/stm32f0xx_hal_tim.o
                0x08005cdc                HAL_TIM_Base_Init
 .text.HAL_TIMEx_MasterConfigSynchronization
                0x08005d34       0x5c ./Drivers/STM32F0xx_HAL_Driver/Src/stm32f0xx_hal_tim_ex.o
                0x08005d34                HAL_TIMEx_MasterConfigSynchronization
 .text.UART_EndRxTransfer
                0x08005d90       0x60 ./Drivers/STM32F0xx_HAL_Driver/Src/stm32f0xx_hal_uart.o
 .text.UART_SetConfig
                0x08005df0      0x134 ./Drivers/STM32F0xx_HAL_Driver/Src/stm32f0xx_hal_uart.o
                0x08005df0                UART_SetConfig
 .text.UART_AdvFeatureConfig
                0x08005f24       0xd0 ./Drivers/STM32F0xx_HAL_Driver/Src/stm32f0xx_hal_uart.o
                0x08005f24                UART_AdvFeatureConfig
 .text.UART_WaitOnFlagUntilTimeout
                0x08005ff4       0xa0 ./Drivers/STM32F0xx_HAL_Driver/Src/stm32f0xx_hal_uart.o
                0x08005ff4                UART_WaitOnFlagUntilTimeout
 .text.UART_CheckIdleState
                0x08006094       0xcc ./Drivers/STM32F0xx_HAL_Driver/Src/stm32f0xx_hal_uart.o
                0x08006094                UART_CheckIdleState
 .text.HAL_UART_Init
                0x08006160       0x68 ./Drivers/STM32F0xx_HAL_Driver/Src/stm32f0xx_hal_uart.o
                0x08006160                HAL_UART_Init
 .text.sprintf  0x080061c8       0x40 C:/ST/STM32CubeIDE_1.16.0/STM32CubeIDE/plugins/com.st.stm32cube.ide.mcu.externaltools.gnu-tools-for-stm32.12.3.rel1.win32_1.0.200.202406191623/tools/bin/../lib/gcc/arm-none-eabi/12.3.1/../../../../arm-none-eabi/lib/thumb/v6-m/nofp\libc_nano.a(libc_a-sprintf.o)
                0x080061c8                siprintf
                0x080061c8                sprintf
 .text._vsprintf_r
                0x08006208       0x2c C:/ST/STM32CubeIDE_1.16.0/STM32CubeIDE/plugins/com.st.stm32cube.ide.mcu.externaltools.gnu-tools-for-stm32.12.3.rel1.win32_1.0.200.202406191623/tools/bin/../lib/gcc/arm-none-eabi/12.3.1/../../../../arm-none-eabi/lib/thumb/v6-m/nofp\libc_nano.a(libc_a-vsprintf.o)
                0x08006208                _vsprintf_r
                0x08006208                _vsiprintf_r
 .text.vsprintf
                0x08006234       0x18 C:/ST/STM32CubeIDE_1.16.0/STM32CubeIDE/plugins/com.st.stm32cube.ide.mcu.externaltools.gnu-tools-for-stm32.12.3.rel1.win32_1.0.200.202406191623/tools/bin/../lib/gcc/arm-none-eabi/12.3.1/../../../../arm-none-eabi/lib/thumb/v6-m/nofp\libc_nano.a(libc_a-vsprintf.o)
                0x08006234                vsiprintf
                0x08006234                vsprintf
 .text.memset   0x0800624c       0x10 C:/ST/STM32CubeIDE_1.16.0/STM32CubeIDE/plugins/com.st.stm32cube.ide.mcu.externaltools.gnu-tools-for-stm32.12.3.rel1.win32_1.0.200.202406191623/tools/bin/../lib/gcc/arm-none-eabi/12.3.1/../../../../arm-none-eabi/lib/thumb/v6-m/nofp\libc_nano.a(libc_a-memset.o)
                0x0800624c                memset
 .text.__errno  0x0800625c        0xc C:/ST/STM32CubeIDE_1.16.0/STM32CubeIDE/plugins/com.st.stm32cube.ide.mcu.externaltools.gnu-tools-for-stm32.12.3.rel1.win32_1.0.200.202406191623/tools/bin/../lib/gcc/arm-none-eabi/12.3.1/../../../../arm-none-eabi/lib/thumb/v6-m/nofp\libc_nano.a(libc_a-errno.o)
                0x0800625c                __errno
 .text.__libc_init_array
                0x08006268       0x48 C:/ST/STM32CubeIDE_1.16.0/STM32CubeIDE/plugins/com.st.stm32cube.ide.mcu.externaltools.gnu-tools-for-stm32.12.3.rel1.win32_1.0.200.202406191623/tools/bin/../lib/gcc/arm-none-eabi/12.3.1/../../../../arm-none-eabi/lib/thumb/v6-m/nofp\libc_nano.a(libc_a-init.o)
                0x08006268                __libc_init_array
 .text.__retarget_lock_acquire_recursive
                0x080062b0        0x2 C:/ST/STM32CubeIDE_1.16.0/STM32CubeIDE/plugins/com.st.stm32cube.ide.mcu.externaltools.gnu-tools-for-stm32.12.3.rel1.win32_1.0.200.202406191623/tools/bin/../lib/gcc/arm-none-eabi/12.3.1/../../../../arm-none-eabi/lib/thumb/v6-m/nofp\libc_nano.a(libc_a-lock.o)
                0x080062b0                __retarget_lock_acquire_recursive
 .text.__retarget_lock_release_recursive
                0x080062b2        0x2 C:/ST/STM32CubeIDE_1.16.0/STM32CubeIDE/plugins/com.st.stm32cube.ide.mcu.externaltools.gnu-tools-for-stm32.12.3.rel1.win32_1.0.200.202406191623/tools/bin/../lib/gcc/arm-none-eabi/12.3.1/../../../../arm-none-eabi/lib/thumb/v6-m/nofp\libc_nano.a(libc_a-lock.o)
                0x080062b2                __retarget_lock_release_recursive
 .text._free_r  0x080062b4       0x94 C:/ST/STM32CubeIDE_1.16.0/STM32CubeIDE/plugins/com.st.stm32cube.ide.mcu.externaltools.gnu-tools-for-stm32.12.3.rel1.win32_1.0.200.202406191623/tools/bin/../lib/gcc/arm-none-eabi/12.3.1/../../../../arm-none-eabi/lib/thumb/v6-m/nofp\libc_nano.a(libc_a-freer.o)
                0x080062b4                _free_r
 .text.sbrk_aligned
                0x08006348       0x44 C:/ST/STM32CubeIDE_1.16.0/STM32CubeIDE/plugins/com.st.stm32cube.ide.mcu.externaltools.gnu-tools-for-stm32.12.3.rel1.win32_1.0.200.202406191623/tools/bin/../lib/gcc/arm-none-eabi/12.3.1/../../../../arm-none-eabi/lib/thumb/v6-m/nofp\libc_nano.a(libc_a-mallocr.o)
 .text._malloc_r
                0x0800638c      0x100 C:/ST/STM32CubeIDE_1.16.0/STM32CubeIDE/plugins/com.st.stm32cube.ide.mcu.externaltools.gnu-tools-for-stm32.12.3.rel1.win32_1.0.200.202406191623/tools/bin/../lib/gcc/arm-none-eabi/12.3.1/../../../../arm-none-eabi/lib/thumb/v6-m/nofp\libc_nano.a(libc_a-mallocr.o)
                0x0800638c                _malloc_r
 .text.__malloc_lock
                0x0800648c       0x10 C:/ST/STM32CubeIDE_1.16.0/STM32CubeIDE/plugins/com.st.stm32cube.ide.mcu.externaltools.gnu-tools-for-stm32.12.3.rel1.win32_1.0.200.202406191623/tools/bin/../lib/gcc/arm-none-eabi/12.3.1/../../../../arm-none-eabi/lib/thumb/v6-m/nofp\libc_nano.a(libc_a-mlock.o)
                0x0800648c                __malloc_lock
 .text.__malloc_unlock
                0x0800649c       0x10 C:/ST/STM32CubeIDE_1.16.0/STM32CubeIDE/plugins/com.st.stm32cube.ide.mcu.externaltools.gnu-tools-for-stm32.12.3.rel1.win32_1.0.200.202406191623/tools/bin/../lib/gcc/arm-none-eabi/12.3.1/../../../../arm-none-eabi/lib/thumb/v6-m/nofp\libc_nano.a(libc_a-mlock.o)
                0x0800649c                __malloc_unlock
 .text.__ssputs_r
                0x080064ac       0xc0 C:/ST/STM32CubeIDE_1.16.0/STM32CubeIDE/plugins/com.st.stm32cube.ide.mcu.externaltools.gnu-tools-for-stm32.12.3.rel1.win32_1.0.200.202406191623/tools/bin/../lib/gcc/arm-none-eabi/12.3.1/../../../../arm-none-eabi/lib/thumb/v6-m/nofp\libc_nano.a(libc_a-nano-svfprintf.o)
                0x080064ac                __ssputs_r
 .text._svfprintf_r
                0x0800656c      0x1fc C:/ST/STM32CubeIDE_1.16.0/STM32CubeIDE/plugins/com.st.stm32cube.ide.mcu.externaltools.gnu-tools-for-stm32.12.3.rel1.win32_1.0.200.202406191623/tools/bin/../lib/gcc/arm-none-eabi/12.3.1/../../../../arm-none-eabi/lib/thumb/v6-m/nofp\libc_nano.a(libc_a-nano-svfprintf.o)
                0x0800656c                _svfiprintf_r
                0x0800656c                _svfprintf_r
 .text._printf_common
                0x08006768       0xde C:/ST/STM32CubeIDE_1.16.0/STM32CubeIDE/plugins/com.st.stm32cube.ide.mcu.externaltools.gnu-tools-for-stm32.12.3.rel1.win32_1.0.200.202406191623/tools/bin/../lib/gcc/arm-none-eabi/12.3.1/../../../../arm-none-eabi/lib/thumb/v6-m/nofp\libc_nano.a(libc_a-nano-vfprintf_i.o)
                0x08006768                _printf_common
 *fill*         0x08006846        0x2 
 .text._printf_i
                0x08006848      0x21c C:/ST/STM32CubeIDE_1.16.0/STM32CubeIDE/plugins/com.st.stm32cube.ide.mcu.externaltools.gnu-tools-for-stm32.12.3.rel1.win32_1.0.200.202406191623/tools/bin/../lib/gcc/arm-none-eabi/12.3.1/../../../../arm-none-eabi/lib/thumb/v6-m/nofp\libc_nano.a(libc_a-nano-vfprintf_i.o)
                0x08006848                _printf_i
 .text.memmove  0x08006a64       0x26 C:/ST/STM32CubeIDE_1.16.0/STM32CubeIDE/plugins/com.st.stm32cube.ide.mcu.externaltools.gnu-tools-for-stm32.12.3.rel1.win32_1.0.200.202406191623/tools/bin/../lib/gcc/arm-none-eabi/12.3.1/../../../../arm-none-eabi/lib/thumb/v6-m/nofp\libc_nano.a(libc_a-memmove.o)
                0x08006a64                memmove
 *fill*         0x08006a8a        0x2 
 .text._sbrk_r  0x08006a8c       0x24 C:/ST/STM32CubeIDE_1.16.0/STM32CubeIDE/plugins/com.st.stm32cube.ide.mcu.externaltools.gnu-tools-for-stm32.12.3.rel1.win32_1.0.200.202406191623/tools/bin/../lib/gcc/arm-none-eabi/12.3.1/../../../../arm-none-eabi/lib/thumb/v6-m/nofp\libc_nano.a(libc_a-sbrkr.o)
                0x08006a8c                _sbrk_r
 .text.memchr   0x08006ab0       0x16 C:/ST/STM32CubeIDE_1.16.0/STM32CubeIDE/plugins/com.st.stm32cube.ide.mcu.externaltools.gnu-tools-for-stm32.12.3.rel1.win32_1.0.200.202406191623/tools/bin/../lib/gcc/arm-none-eabi/12.3.1/../../../../arm-none-eabi/lib/thumb/v6-m/nofp\libc_nano.a(libc_a-memchr-stub.o)
                0x08006ab0                memchr
 .text.memcpy   0x08006ac6       0x12 C:/ST/STM32CubeIDE_1.16.0/STM32CubeIDE/plugins/com.st.stm32cube.ide.mcu.externaltools.gnu-tools-for-stm32.12.3.rel1.win32_1.0.200.202406191623/tools/bin/../lib/gcc/arm-none-eabi/12.3.1/../../../../arm-none-eabi/lib/thumb/v6-m/nofp\libc_nano.a(libc_a-memcpy-stub.o)
                0x08006ac6                memcpy
 .text._realloc_r
                0x08006ad8       0x5e C:/ST/STM32CubeIDE_1.16.0/STM32CubeIDE/plugins/com.st.stm32cube.ide.mcu.externaltools.gnu-tools-for-stm32.12.3.rel1.win32_1.0.200.202406191623/tools/bin/../lib/gcc/arm-none-eabi/12.3.1/../../../../arm-none-eabi/lib/thumb/v6-m/nofp\libc_nano.a(libc_a-reallocr.o)
                0x08006ad8                _realloc_r
 .text._malloc_usable_size_r
                0x08006b36       0x10 C:/ST/STM32CubeIDE_1.16.0/STM32CubeIDE/plugins/com.st.stm32cube.ide.mcu.externaltools.gnu-tools-for-stm32.12.3.rel1.win32_1.0.200.202406191623/tools/bin/../lib/gcc/arm-none-eabi/12.3.1/../../../../arm-none-eabi/lib/thumb/v6-m/nofp\libc_nano.a(libc_a-msizer.o)
                0x08006b36                _malloc_usable_size_r
 *fill*         0x08006b46        0x2 
 .text.log10    0x08006b48       0x6c C:/ST/STM32CubeIDE_1.16.0/STM32CubeIDE/plugins/com.st.stm32cube.ide.mcu.externaltools.gnu-tools-for-stm32.12.3.rel1.win32_1.0.200.202406191623/tools/bin/../lib/gcc/arm-none-eabi/12.3.1/../../../../arm-none-eabi/lib/thumb/v6-m/nofp\libm.a(libm_a-w_log10.o)
                0x08006b48                log10
 .text.nan      0x08006bb4        0xc C:/ST/STM32CubeIDE_1.16.0/STM32CubeIDE/plugins/com.st.stm32cube.ide.mcu.externaltools.gnu-tools-for-stm32.12.3.rel1.win32_1.0.200.202406191623/tools/bin/../lib/gcc/arm-none-eabi/12.3.1/../../../../arm-none-eabi/lib/thumb/v6-m/nofp\libm.a(libm_a-s_nan.o)
                0x08006bb4                nan
 .text.__ieee754_log10
                0x08006bc0       0xf4 C:/ST/STM32CubeIDE_1.16.0/STM32CubeIDE/plugins/com.st.stm32cube.ide.mcu.externaltools.gnu-tools-for-stm32.12.3.rel1.win32_1.0.200.202406191623/tools/bin/../lib/gcc/arm-none-eabi/12.3.1/../../../../arm-none-eabi/lib/thumb/v6-m/nofp\libm.a(libm_a-e_log10.o)
                0x08006bc0                __ieee754_log10
 .text.__ieee754_log
                0x08006cb4      0x364 C:/ST/STM32CubeIDE_1.16.0/STM32CubeIDE/plugins/com.st.stm32cube.ide.mcu.externaltools.gnu-tools-for-stm32.12.3.rel1.win32_1.0.200.202406191623/tools/bin/../lib/gcc/arm-none-eabi/12.3.1/../../../../arm-none-eabi/lib/thumb/v6-m/nofp\libm.a(libm_a-e_log.o)
                0x08006cb4                __ieee754_log
 *(.glue_7)
 .glue_7        0x08007018        0x0 linker stubs
 *(.glue_7t)
 .glue_7t       0x08007018        0x0 linker stubs
 *(.eh_frame)
 .eh_frame      0x08007018        0x0 C:/ST/STM32CubeIDE_1.16.0/STM32CubeIDE/plugins/com.st.stm32cube.ide.mcu.externaltools.gnu-tools-for-stm32.12.3.rel1.win32_1.0.200.202406191623/tools/bin/../lib/gcc/arm-none-eabi/12.3.1/thumb/v6-m/nofp/crtbegin.o
 *(.init)
 .init          0x08007018        0x4 C:/ST/STM32CubeIDE_1.16.0/STM32CubeIDE/plugins/com.st.stm32cube.ide.mcu.externaltools.gnu-tools-for-stm32.12.3.rel1.win32_1.0.200.202406191623/tools/bin/../lib/gcc/arm-none-eabi/12.3.1/thumb/v6-m/nofp/crti.o
                0x08007018                _init
 .init          0x0800701c        0x8 C:/ST/STM32CubeIDE_1.16.0/STM32CubeIDE/plugins/com.st.stm32cube.ide.mcu.externaltools.gnu-tools-for-stm32.12.3.rel1.win32_1.0.200.202406191623/tools/bin/../lib/gcc/arm-none-eabi/12.3.1/thumb/v6-m/nofp/crtn.o
 *(.fini)
 .fini          0x08007024        0x4 C:/ST/STM32CubeIDE_1.16.0/STM32CubeIDE/plugins/com.st.stm32cube.ide.mcu.externaltools.gnu-tools-for-stm32.12.3.rel1.win32_1.0.200.202406191623/tools/bin/../lib/gcc/arm-none-eabi/12.3.1/thumb/v6-m/nofp/crti.o
                0x08007024                _fini
 .fini          0x08007028        0x8 C:/ST/STM32CubeIDE_1.16.0/STM32CubeIDE/plugins/com.st.stm32cube.ide.mcu.externaltools.gnu-tools-for-stm32.12.3.rel1.win32_1.0.200.202406191623/tools/bin/../lib/gcc/arm-none-eabi/12.3.1/thumb/v6-m/nofp/crtn.o
                0x08007030                        . = ALIGN (0x4)
                0x08007030                        _etext = .

.vfp11_veneer   0x08007030        0x0
 .vfp11_veneer  0x08007030        0x0 linker stubs

.v4_bx          0x08007030        0x0
 .v4_bx         0x08007030        0x0 linker stubs

.iplt           0x08007030        0x0
 .iplt          0x08007030        0x0 C:/ST/STM32CubeIDE_1.16.0/STM32CubeIDE/plugins/com.st.stm32cube.ide.mcu.externaltools.gnu-tools-for-stm32.12.3.rel1.win32_1.0.200.202406191623/tools/bin/../lib/gcc/arm-none-eabi/12.3.1/thumb/v6-m/nofp/crtbegin.o

.rodata         0x08007030      0x314
                0x08007030                        . = ALIGN (0x4)
 *(.rodata)
 .rodata        0x08007030       0x68 ./Core/Src/main.o
 .rodata        0x08007098       0x40 C:/ST/STM32CubeIDE_1.16.0/STM32CubeIDE/plugins/com.st.stm32cube.ide.mcu.externaltools.gnu-tools-for-stm32.12.3.rel1.win32_1.0.200.202406191623/tools/bin/../lib/gcc/arm-none-eabi/12.3.1/thumb/v6-m/nofp\libgcc.a(divdf3.o)
 *(.rodata*)
 .rodata.BMP180_DELAY_PRES
                0x080070d8        0x4 ./Core/Src/bmp180.o
                0x080070d8                BMP180_DELAY_PRES
 .rodata.BMP180_CMD_PRES
                0x080070dc        0x4 ./Core/Src/bmp180.o
                0x080070dc                BMP180_CMD_PRES
 .rodata.set_time.str1.4
                0x080070e0       0x12 ./Core/Src/main.o
 *fill*         0x080070f2        0x2 
 .rodata.set_date.str1.4
                0x080070f4       0x15 ./Core/Src/main.o
 *fill*         0x08007109        0x3 
 .rodata.set_date
                0x0800710c       0x28 ./Core/Src/main.o
 .rodata.set_pressure_unit.str1.4
                0x08007134       0x17 ./Core/Src/main.o
 *fill*         0x0800714b        0x1 
 .rodata.set_temperature_unit.str1.4
                0x0800714c       0x11 ./Core/Src/main.o
 *fill*         0x0800715d        0x3 
 .rodata.main_menu.str1.4
                0x08007160       0x10 ./Core/Src/main.o
 .rodata.main.str1.4
                0x08007170       0x88 ./Core/Src/main.o
 .rodata.str1.4
                0x080071f8       0xdb ./Core/Src/main.o
 *fill*         0x080072d3        0x1 
 .rodata.APBPrescTable
                0x080072d4        0x8 ./Core/Src/system_stm32f0xx.o
                0x080072d4                APBPrescTable
 .rodata.AHBPrescTable
                0x080072dc       0x10 ./Core/Src/system_stm32f0xx.o
                0x080072dc                AHBPrescTable
 .rodata.aPredivFactorTable.0
                0x080072ec       0x10 ./Drivers/STM32F0xx_HAL_Driver/Src/stm32f0xx_hal_rcc.o
 .rodata.aPLLMULFactorTable.1
                0x080072fc       0x10 ./Drivers/STM32F0xx_HAL_Driver/Src/stm32f0xx_hal_rcc.o
 .rodata.CSWTCH.59
                0x0800730c        0x3 ./Drivers/STM32F0xx_HAL_Driver/Src/stm32f0xx_hal_uart.o
 .rodata._svfprintf_r.str1.1
                0x0800730f       0x11 C:/ST/STM32CubeIDE_1.16.0/STM32CubeIDE/plugins/com.st.stm32cube.ide.mcu.externaltools.gnu-tools-for-stm32.12.3.rel1.win32_1.0.200.202406191623/tools/bin/../lib/gcc/arm-none-eabi/12.3.1/../../../../arm-none-eabi/lib/thumb/v6-m/nofp\libc_nano.a(libc_a-nano-svfprintf.o)
 .rodata._printf_i.str1.1
                0x08007320       0x22 C:/ST/STM32CubeIDE_1.16.0/STM32CubeIDE/plugins/com.st.stm32cube.ide.mcu.externaltools.gnu-tools-for-stm32.12.3.rel1.win32_1.0.200.202406191623/tools/bin/../lib/gcc/arm-none-eabi/12.3.1/../../../../arm-none-eabi/lib/thumb/v6-m/nofp\libc_nano.a(libc_a-nano-vfprintf_i.o)
 .rodata.log10.str1.1
                0x08007342       0x22 C:/ST/STM32CubeIDE_1.16.0/STM32CubeIDE/plugins/com.st.stm32cube.ide.mcu.externaltools.gnu-tools-for-stm32.12.3.rel1.win32_1.0.200.202406191623/tools/bin/../lib/gcc/arm-none-eabi/12.3.1/../../../../arm-none-eabi/lib/thumb/v6-m/nofp\libm.a(libm_a-w_log10.o)
                                  0x1 (size before relaxing)
                0x08007364                        . = ALIGN (0x4)
 *fill*         0x08007342        0x2 

.rel.dyn        0x08007344        0x0
 .rel.iplt      0x08007344        0x0 C:/ST/STM32CubeIDE_1.16.0/STM32CubeIDE/plugins/com.st.stm32cube.ide.mcu.externaltools.gnu-tools-for-stm32.12.3.rel1.win32_1.0.200.202406191623/tools/bin/../lib/gcc/arm-none-eabi/12.3.1/thumb/v6-m/nofp/crtbegin.o

.ARM.extab      0x08007344        0x0
                0x08007344                        . = ALIGN (0x4)
 *(.ARM.extab* .gnu.linkonce.armextab.*)
                0x08007344                        . = ALIGN (0x4)

.ARM            0x08007344        0x0
                0x08007344                        . = ALIGN (0x4)
                0x08007344                        __exidx_start = .
 *(.ARM.exidx*)
                0x08007344                        __exidx_end = .
                0x08007344                        . = ALIGN (0x4)

.preinit_array  0x08007344        0x0
                0x08007344                        . = ALIGN (0x4)
                0x08007344                        PROVIDE (__preinit_array_start = .)
 *(.preinit_array*)
                0x08007344                        PROVIDE (__preinit_array_end = .)
                0x08007344                        . = ALIGN (0x4)

.init_array     0x08007344        0x4
                0x08007344                        . = ALIGN (0x4)
                0x08007344                        PROVIDE (__init_array_start = .)
 *(SORT_BY_NAME(.init_array.*))
 *(.init_array*)
 .init_array    0x08007344        0x4 C:/ST/STM32CubeIDE_1.16.0/STM32CubeIDE/plugins/com.st.stm32cube.ide.mcu.externaltools.gnu-tools-for-stm32.12.3.rel1.win32_1.0.200.202406191623/tools/bin/../lib/gcc/arm-none-eabi/12.3.1/thumb/v6-m/nofp/crtbegin.o
                0x08007348                        PROVIDE (__init_array_end = .)
                0x08007348                        . = ALIGN (0x4)

.fini_array     0x08007348        0x4
                0x08007348                        . = ALIGN (0x4)
                [!provide]                        PROVIDE (__fini_array_start = .)
 *(SORT_BY_NAME(.fini_array.*))
 *(.fini_array*)
 .fini_array    0x08007348        0x4 C:/ST/STM32CubeIDE_1.16.0/STM32CubeIDE/plugins/com.st.stm32cube.ide.mcu.externaltools.gnu-tools-for-stm32.12.3.rel1.win32_1.0.200.202406191623/tools/bin/../lib/gcc/arm-none-eabi/12.3.1/thumb/v6-m/nofp/crtbegin.o
                [!provide]                        PROVIDE (__fini_array_end = .)
                0x0800734c                        . = ALIGN (0x4)
                0x0800734c                        _sidata = LOADADDR (.data)

.data           0x20000000       0xac load address 0x0800734c
                0x20000000                        . = ALIGN (0x4)
                0x20000000                        _sdata = .
 *(.data)
 *(.data*)
 .data.FunctionSet
                0x20000000        0x1 ./Core/Src/lcd16x2.o
 .data.DisplayControl
                0x20000001        0x1 ./Core/Src/lcd16x2.o
 .data.is8BitsMode
                0x20000002        0x1 ./Core/Src/lcd16x2.o
 *fill*         0x20000003        0x1 
 .data.days_of_week
                0x20000004       0x1c ./Core/Src/main.o
                0x20000004                days_of_week
 .data.clock_icon
                0x20000020        0x8 ./Core/Src/main.o
                0x20000020                clock_icon
 .data.temp_icon
                0x20000028        0x8 ./Core/Src/main.o
                0x20000028                temp_icon
 .data.pInd     0x20000030        0x1 ./Core/Src/main.o
                0x20000030                pInd
 *fill*         0x20000031        0x3 
 .data.pres_units
                0x20000034       0x10 ./Core/Src/main.o
                0x20000034                pres_units
 .data.temp_units_2
                0x20000044        0xc ./Core/Src/main.o
                0x20000044                temp_units_2
 .data.SystemCoreClock
                0x20000050        0x4 ./Core/Src/system_stm32f0xx.o
                0x20000050                SystemCoreClock
 .data.uwTickFreq
                0x20000054        0x1 ./Drivers/STM32F0xx_HAL_Driver/Src/stm32f0xx_hal.o
                0x20000054                uwTickFreq
 *fill*         0x20000055        0x3 
 .data.uwTickPrio
                0x20000058        0x4 ./Drivers/STM32F0xx_HAL_Driver/Src/stm32f0xx_hal.o
                0x20000058                uwTickPrio
 .data._impure_ptr
                0x2000005c        0x4 C:/ST/STM32CubeIDE_1.16.0/STM32CubeIDE/plugins/com.st.stm32cube.ide.mcu.externaltools.gnu-tools-for-stm32.12.3.rel1.win32_1.0.200.202406191623/tools/bin/../lib/gcc/arm-none-eabi/12.3.1/../../../../arm-none-eabi/lib/thumb/v6-m/nofp\libc_nano.a(libc_a-impure.o)
                0x2000005c                _impure_ptr
 .data._impure_data
                0x20000060       0x4c C:/ST/STM32CubeIDE_1.16.0/STM32CubeIDE/plugins/com.st.stm32cube.ide.mcu.externaltools.gnu-tools-for-stm32.12.3.rel1.win32_1.0.200.202406191623/tools/bin/../lib/gcc/arm-none-eabi/12.3.1/../../../../arm-none-eabi/lib/thumb/v6-m/nofp\libc_nano.a(libc_a-impure.o)
                0x20000060                _impure_data
 *(.RamFunc)
 *(.RamFunc*)
                0x200000ac                        . = ALIGN (0x4)
                0x200000ac                        _edata = .

.igot.plt       0x200000ac        0x0 load address 0x080073f8
 .igot.plt      0x200000ac        0x0 C:/ST/STM32CubeIDE_1.16.0/STM32CubeIDE/plugins/com.st.stm32cube.ide.mcu.externaltools.gnu-tools-for-stm32.12.3.rel1.win32_1.0.200.202406191623/tools/bin/../lib/gcc/arm-none-eabi/12.3.1/thumb/v6-m/nofp/crtbegin.o
                0x200000ac                        . = ALIGN (0x4)

.bss            0x200000ac      0x3e8 load address 0x080073f8
                0x200000ac                        _sbss = .
                0x200000ac                        __bss_start__ = _sbss
 *(.bss)
 .bss           0x200000ac       0x1c C:/ST/STM32CubeIDE_1.16.0/STM32CubeIDE/plugins/com.st.stm32cube.ide.mcu.externaltools.gnu-tools-for-stm32.12.3.rel1.win32_1.0.200.202406191623/tools/bin/../lib/gcc/arm-none-eabi/12.3.1/thumb/v6-m/nofp/crtbegin.o
 *(.bss*)
 .bss._bmp180_oss
                0x200000c8        0x1 ./Core/Src/bmp180.o
                0x200000c8                _bmp180_oss
 *fill*         0x200000c9        0x3 
 .bss._bmp180_eeprom
                0x200000cc       0x16 ./Core/Src/bmp180.o
                0x200000cc                _bmp180_eeprom
 *fill*         0x200000e2        0x2 
 .bss._bmp180_ui2c
                0x200000e4        0x4 ./Core/Src/bmp180.o
                0x200000e4                _bmp180_ui2c
 .bss.bits      0x200000e8        0x5 ./Core/Src/dht.o
                0x200000e8                bits
 *fill*         0x200000ed        0x3 
 .bss.htim      0x200000f0        0x4 ./Core/Src/dht.o
                0x200000f0                htim
 .bss.DHT_PIN   0x200000f4        0x2 ./Core/Src/dht.o
                0x200000f4                DHT_PIN
 *fill*         0x200000f6        0x2 
 .bss.DHT_PORT  0x200000f8        0x4 ./Core/Src/dht.o
                0x200000f8                DHT_PORT
 .bss.D7_PIN    0x200000fc        0x2 ./Core/Src/lcd16x2.o
 .bss.D6_PIN    0x200000fe        0x2 ./Core/Src/lcd16x2.o
 .bss.D5_PIN    0x20000100        0x2 ./Core/Src/lcd16x2.o
 .bss.D4_PIN    0x20000102        0x2 ./Core/Src/lcd16x2.o
 .bss.PORT_MSB  0x20000104        0x4 ./Core/Src/lcd16x2.o
 .bss.D3_PIN    0x20000108        0x2 ./Core/Src/lcd16x2.o
 .bss.D2_PIN    0x2000010a        0x2 ./Core/Src/lcd16x2.o
 .bss.D1_PIN    0x2000010c        0x2 ./Core/Src/lcd16x2.o
 .bss.D0_PIN    0x2000010e        0x2 ./Core/Src/lcd16x2.o
 .bss.PORT_LSB  0x20000110        0x4 ./Core/Src/lcd16x2.o
 .bss.PIN_E     0x20000114        0x2 ./Core/Src/lcd16x2.o
 .bss.PIN_RS    0x20000116        0x2 ./Core/Src/lcd16x2.o
 .bss.PORT_RS_and_E
                0x20000118        0x4 ./Core/Src/lcd16x2.o
 .bss.buffer    0x2000011c       0xc8 ./Core/Src/main.o
                0x2000011c                buffer
 .bss.rtc_time  0x200001e4       0x14 ./Core/Src/main.o
                0x200001e4                rtc_time
 .bss.rtc_date  0x200001f8        0x4 ./Core/Src/main.o
                0x200001f8                rtc_date
 .bss.tInd      0x200001fc        0x1 ./Core/Src/main.o
                0x200001fc                tInd
 *fill*         0x200001fd        0x3 
 .bss.huart2    0x20000200       0x88 ./Core/Src/main.o
                0x20000200                huart2
 .bss.htim1     0x20000288       0x48 ./Core/Src/main.o
                0x20000288                htim1
 .bss.hrtc      0x200002d0       0x20 ./Core/Src/main.o
                0x200002d0                hrtc
 .bss.hi2c1     0x200002f0       0x54 ./Core/Src/main.o
                0x200002f0                hi2c1
 .bss.__sbrk_heap_end
                0x20000344        0x4 ./Core/Src/sysmem.o
 .bss.uwTick    0x20000348        0x4 ./Drivers/STM32F0xx_HAL_Driver/Src/stm32f0xx_hal.o
                0x20000348                uwTick
 .bss.__sf      0x2000034c      0x138 C:/ST/STM32CubeIDE_1.16.0/STM32CubeIDE/plugins/com.st.stm32cube.ide.mcu.externaltools.gnu-tools-for-stm32.12.3.rel1.win32_1.0.200.202406191623/tools/bin/../lib/gcc/arm-none-eabi/12.3.1/../../../../arm-none-eabi/lib/thumb/v6-m/nofp\libc_nano.a(libc_a-findfp.o)
                0x2000034c                __sf
 .bss.errno     0x20000484        0x4 C:/ST/STM32CubeIDE_1.16.0/STM32CubeIDE/plugins/com.st.stm32cube.ide.mcu.externaltools.gnu-tools-for-stm32.12.3.rel1.win32_1.0.200.202406191623/tools/bin/../lib/gcc/arm-none-eabi/12.3.1/../../../../arm-none-eabi/lib/thumb/v6-m/nofp\libc_nano.a(libc_a-reent.o)
                0x20000484                errno
 .bss.__lock___malloc_recursive_mutex
                0x20000488        0x1 C:/ST/STM32CubeIDE_1.16.0/STM32CubeIDE/plugins/com.st.stm32cube.ide.mcu.externaltools.gnu-tools-for-stm32.12.3.rel1.win32_1.0.200.202406191623/tools/bin/../lib/gcc/arm-none-eabi/12.3.1/../../../../arm-none-eabi/lib/thumb/v6-m/nofp\libc_nano.a(libc_a-lock.o)
                0x20000488                __lock___malloc_recursive_mutex
 *fill*         0x20000489        0x3 
 .bss.__malloc_sbrk_start
                0x2000048c        0x4 C:/ST/STM32CubeIDE_1.16.0/STM32CubeIDE/plugins/com.st.stm32cube.ide.mcu.externaltools.gnu-tools-for-stm32.12.3.rel1.win32_1.0.200.202406191623/tools/bin/../lib/gcc/arm-none-eabi/12.3.1/../../../../arm-none-eabi/lib/thumb/v6-m/nofp\libc_nano.a(libc_a-mallocr.o)
                0x2000048c                __malloc_sbrk_start
 .bss.__malloc_free_list
                0x20000490        0x4 C:/ST/STM32CubeIDE_1.16.0/STM32CubeIDE/plugins/com.st.stm32cube.ide.mcu.externaltools.gnu-tools-for-stm32.12.3.rel1.win32_1.0.200.202406191623/tools/bin/../lib/gcc/arm-none-eabi/12.3.1/../../../../arm-none-eabi/lib/thumb/v6-m/nofp\libc_nano.a(libc_a-mallocr.o)
                0x20000490                __malloc_free_list
 *(COMMON)
                0x20000494                        . = ALIGN (0x4)
                0x20000494                        _ebss = .
                0x20000494                        __bss_end__ = _ebss

._user_heap_stack
                0x20000494      0x604 load address 0x080073f8
                0x20000498                        . = ALIGN (0x8)
 *fill*         0x20000494        0x4 
                [!provide]                        PROVIDE (end = .)
                0x20000498                        PROVIDE (_end = .)
                0x20000698                        . = (. + _Min_Heap_Size)
 *fill*         0x20000498      0x200 
                0x20000a98                        . = (. + _Min_Stack_Size)
 *fill*         0x20000698      0x400 
                0x20000a98                        . = ALIGN (0x8)

/DISCARD/
 libc.a(*)
 libm.a(*)
 libgcc.a(*)

.ARM.attributes
                0x00000000       0x28
 *(.ARM.attributes)
 .ARM.attributes
                0x00000000       0x1e C:/ST/STM32CubeIDE_1.16.0/STM32CubeIDE/plugins/com.st.stm32cube.ide.mcu.externaltools.gnu-tools-for-stm32.12.3.rel1.win32_1.0.200.202406191623/tools/bin/../lib/gcc/arm-none-eabi/12.3.1/thumb/v6-m/nofp/crti.o
 .ARM.attributes
                0x0000001e       0x2c C:/ST/STM32CubeIDE_1.16.0/STM32CubeIDE/plugins/com.st.stm32cube.ide.mcu.externaltools.gnu-tools-for-stm32.12.3.rel1.win32_1.0.200.202406191623/tools/bin/../lib/gcc/arm-none-eabi/12.3.1/thumb/v6-m/nofp/crtbegin.o
 .ARM.attributes
                0x0000004a       0x2c ./Core/Src/bmp180.o
 .ARM.attributes
                0x00000076       0x2c ./Core/Src/dht.o
 .ARM.attributes
                0x000000a2       0x2c ./Core/Src/lcd16x2.o
 .ARM.attributes
                0x000000ce       0x2c ./Core/Src/main.o
 .ARM.attributes
                0x000000fa       0x2c ./Core/Src/stm32f0xx_hal_msp.o
 .ARM.attributes
                0x00000126       0x2c ./Core/Src/stm32f0xx_it.o
 .ARM.attributes
                0x00000152       0x2c ./Core/Src/sysmem.o
 .ARM.attributes
                0x0000017e       0x2c ./Core/Src/system_stm32f0xx.o
 .ARM.attributes
                0x000001aa       0x21 ./Core/Startup/startup_stm32f042k6tx.o
 .ARM.attributes
                0x000001cb       0x2c ./Drivers/STM32F0xx_HAL_Driver/Src/stm32f0xx_hal.o
 .ARM.attributes
                0x000001f7       0x2c ./Drivers/STM32F0xx_HAL_Driver/Src/stm32f0xx_hal_cortex.o
 .ARM.attributes
                0x00000223       0x2c ./Drivers/STM32F0xx_HAL_Driver/Src/stm32f0xx_hal_gpio.o
 .ARM.attributes
                0x0000024f       0x2c ./Drivers/STM32F0xx_HAL_Driver/Src/stm32f0xx_hal_i2c.o
 .ARM.attributes
                0x0000027b       0x2c ./Drivers/STM32F0xx_HAL_Driver/Src/stm32f0xx_hal_i2c_ex.o
 .ARM.attributes
                0x000002a7       0x2c ./Drivers/STM32F0xx_HAL_Driver/Src/stm32f0xx_hal_rcc.o
 .ARM.attributes
                0x000002d3       0x2c ./Drivers/STM32F0xx_HAL_Driver/Src/stm32f0xx_hal_rcc_ex.o
 .ARM.attributes
                0x000002ff       0x2c ./Drivers/STM32F0xx_HAL_Driver/Src/stm32f0xx_hal_rtc.o
 .ARM.attributes
                0x0000032b       0x2c ./Drivers/STM32F0xx_HAL_Driver/Src/stm32f0xx_hal_tim.o
 .ARM.attributes
                0x00000357       0x2c ./Drivers/STM32F0xx_HAL_Driver/Src/stm32f0xx_hal_tim_ex.o
 .ARM.attributes
                0x00000383       0x2c ./Drivers/STM32F0xx_HAL_Driver/Src/stm32f0xx_hal_uart.o
 .ARM.attributes
                0x000003af       0x2c C:/ST/STM32CubeIDE_1.16.0/STM32CubeIDE/plugins/com.st.stm32cube.ide.mcu.externaltools.gnu-tools-for-stm32.12.3.rel1.win32_1.0.200.202406191623/tools/bin/../lib/gcc/arm-none-eabi/12.3.1/../../../../arm-none-eabi/lib/thumb/v6-m/nofp\libc_nano.a(libc_a-findfp.o)
 .ARM.attributes
                0x000003db       0x2c C:/ST/STM32CubeIDE_1.16.0/STM32CubeIDE/plugins/com.st.stm32cube.ide.mcu.externaltools.gnu-tools-for-stm32.12.3.rel1.win32_1.0.200.202406191623/tools/bin/../lib/gcc/arm-none-eabi/12.3.1/../../../../arm-none-eabi/lib/thumb/v6-m/nofp\libc_nano.a(libc_a-sprintf.o)
 .ARM.attributes
                0x00000407       0x2c C:/ST/STM32CubeIDE_1.16.0/STM32CubeIDE/plugins/com.st.stm32cube.ide.mcu.externaltools.gnu-tools-for-stm32.12.3.rel1.win32_1.0.200.202406191623/tools/bin/../lib/gcc/arm-none-eabi/12.3.1/../../../../arm-none-eabi/lib/thumb/v6-m/nofp\libc_nano.a(libc_a-vsprintf.o)
 .ARM.attributes
                0x00000433       0x2c C:/ST/STM32CubeIDE_1.16.0/STM32CubeIDE/plugins/com.st.stm32cube.ide.mcu.externaltools.gnu-tools-for-stm32.12.3.rel1.win32_1.0.200.202406191623/tools/bin/../lib/gcc/arm-none-eabi/12.3.1/../../../../arm-none-eabi/lib/thumb/v6-m/nofp\libc_nano.a(libc_a-memset.o)
 .ARM.attributes
                0x0000045f       0x2c C:/ST/STM32CubeIDE_1.16.0/STM32CubeIDE/plugins/com.st.stm32cube.ide.mcu.externaltools.gnu-tools-for-stm32.12.3.rel1.win32_1.0.200.202406191623/tools/bin/../lib/gcc/arm-none-eabi/12.3.1/../../../../arm-none-eabi/lib/thumb/v6-m/nofp\libc_nano.a(libc_a-reent.o)
 .ARM.attributes
                0x0000048b       0x2c C:/ST/STM32CubeIDE_1.16.0/STM32CubeIDE/plugins/com.st.stm32cube.ide.mcu.externaltools.gnu-tools-for-stm32.12.3.rel1.win32_1.0.200.202406191623/tools/bin/../lib/gcc/arm-none-eabi/12.3.1/../../../../arm-none-eabi/lib/thumb/v6-m/nofp\libc_nano.a(libc_a-impure.o)
 .ARM.attributes
                0x000004b7       0x2c C:/ST/STM32CubeIDE_1.16.0/STM32CubeIDE/plugins/com.st.stm32cube.ide.mcu.externaltools.gnu-tools-for-stm32.12.3.rel1.win32_1.0.200.202406191623/tools/bin/../lib/gcc/arm-none-eabi/12.3.1/../../../../arm-none-eabi/lib/thumb/v6-m/nofp\libc_nano.a(libc_a-errno.o)
 .ARM.attributes
                0x000004e3       0x2c C:/ST/STM32CubeIDE_1.16.0/STM32CubeIDE/plugins/com.st.stm32cube.ide.mcu.externaltools.gnu-tools-for-stm32.12.3.rel1.win32_1.0.200.202406191623/tools/bin/../lib/gcc/arm-none-eabi/12.3.1/../../../../arm-none-eabi/lib/thumb/v6-m/nofp\libc_nano.a(libc_a-init.o)
 .ARM.attributes
                0x0000050f       0x2c C:/ST/STM32CubeIDE_1.16.0/STM32CubeIDE/plugins/com.st.stm32cube.ide.mcu.externaltools.gnu-tools-for-stm32.12.3.rel1.win32_1.0.200.202406191623/tools/bin/../lib/gcc/arm-none-eabi/12.3.1/../../../../arm-none-eabi/lib/thumb/v6-m/nofp\libc_nano.a(libc_a-lock.o)
 .ARM.attributes
                0x0000053b       0x1c C:/ST/STM32CubeIDE_1.16.0/STM32CubeIDE/plugins/com.st.stm32cube.ide.mcu.externaltools.gnu-tools-for-stm32.12.3.rel1.win32_1.0.200.202406191623/tools/bin/../lib/gcc/arm-none-eabi/12.3.1/../../../../arm-none-eabi/lib/thumb/v6-m/nofp\libc_nano.a(libc_a-strlen.o)
 .ARM.attributes
                0x00000557       0x2c C:/ST/STM32CubeIDE_1.16.0/STM32CubeIDE/plugins/com.st.stm32cube.ide.mcu.externaltools.gnu-tools-for-stm32.12.3.rel1.win32_1.0.200.202406191623/tools/bin/../lib/gcc/arm-none-eabi/12.3.1/../../../../arm-none-eabi/lib/thumb/v6-m/nofp\libc_nano.a(libc_a-freer.o)
 .ARM.attributes
                0x00000583       0x2c C:/ST/STM32CubeIDE_1.16.0/STM32CubeIDE/plugins/com.st.stm32cube.ide.mcu.externaltools.gnu-tools-for-stm32.12.3.rel1.win32_1.0.200.202406191623/tools/bin/../lib/gcc/arm-none-eabi/12.3.1/../../../../arm-none-eabi/lib/thumb/v6-m/nofp\libc_nano.a(libc_a-mallocr.o)
 .ARM.attributes
                0x000005af       0x2c C:/ST/STM32CubeIDE_1.16.0/STM32CubeIDE/plugins/com.st.stm32cube.ide.mcu.externaltools.gnu-tools-for-stm32.12.3.rel1.win32_1.0.200.202406191623/tools/bin/../lib/gcc/arm-none-eabi/12.3.1/../../../../arm-none-eabi/lib/thumb/v6-m/nofp\libc_nano.a(libc_a-mlock.o)
 .ARM.attributes
                0x000005db       0x2c C:/ST/STM32CubeIDE_1.16.0/STM32CubeIDE/plugins/com.st.stm32cube.ide.mcu.externaltools.gnu-tools-for-stm32.12.3.rel1.win32_1.0.200.202406191623/tools/bin/../lib/gcc/arm-none-eabi/12.3.1/../../../../arm-none-eabi/lib/thumb/v6-m/nofp\libc_nano.a(libc_a-nano-svfprintf.o)
 .ARM.attributes
                0x00000607       0x2c C:/ST/STM32CubeIDE_1.16.0/STM32CubeIDE/plugins/com.st.stm32cube.ide.mcu.externaltools.gnu-tools-for-stm32.12.3.rel1.win32_1.0.200.202406191623/tools/bin/../lib/gcc/arm-none-eabi/12.3.1/../../../../arm-none-eabi/lib/thumb/v6-m/nofp\libc_nano.a(libc_a-nano-vfprintf_i.o)
 .ARM.attributes
                0x00000633       0x2c C:/ST/STM32CubeIDE_1.16.0/STM32CubeIDE/plugins/com.st.stm32cube.ide.mcu.externaltools.gnu-tools-for-stm32.12.3.rel1.win32_1.0.200.202406191623/tools/bin/../lib/gcc/arm-none-eabi/12.3.1/../../../../arm-none-eabi/lib/thumb/v6-m/nofp\libc_nano.a(libc_a-memmove.o)
 .ARM.attributes
                0x0000065f       0x2c C:/ST/STM32CubeIDE_1.16.0/STM32CubeIDE/plugins/com.st.stm32cube.ide.mcu.externaltools.gnu-tools-for-stm32.12.3.rel1.win32_1.0.200.202406191623/tools/bin/../lib/gcc/arm-none-eabi/12.3.1/../../../../arm-none-eabi/lib/thumb/v6-m/nofp\libc_nano.a(libc_a-sbrkr.o)
 .ARM.attributes
                0x0000068b       0x2c C:/ST/STM32CubeIDE_1.16.0/STM32CubeIDE/plugins/com.st.stm32cube.ide.mcu.externaltools.gnu-tools-for-stm32.12.3.rel1.win32_1.0.200.202406191623/tools/bin/../lib/gcc/arm-none-eabi/12.3.1/../../../../arm-none-eabi/lib/thumb/v6-m/nofp\libc_nano.a(libc_a-memchr-stub.o)
 .ARM.attributes
                0x000006b7       0x2c C:/ST/STM32CubeIDE_1.16.0/STM32CubeIDE/plugins/com.st.stm32cube.ide.mcu.externaltools.gnu-tools-for-stm32.12.3.rel1.win32_1.0.200.202406191623/tools/bin/../lib/gcc/arm-none-eabi/12.3.1/../../../../arm-none-eabi/lib/thumb/v6-m/nofp\libc_nano.a(libc_a-memcpy-stub.o)
 .ARM.attributes
                0x000006e3       0x2c C:/ST/STM32CubeIDE_1.16.0/STM32CubeIDE/plugins/com.st.stm32cube.ide.mcu.externaltools.gnu-tools-for-stm32.12.3.rel1.win32_1.0.200.202406191623/tools/bin/../lib/gcc/arm-none-eabi/12.3.1/../../../../arm-none-eabi/lib/thumb/v6-m/nofp\libc_nano.a(libc_a-reallocr.o)
 .ARM.attributes
                0x0000070f       0x2c C:/ST/STM32CubeIDE_1.16.0/STM32CubeIDE/plugins/com.st.stm32cube.ide.mcu.externaltools.gnu-tools-for-stm32.12.3.rel1.win32_1.0.200.202406191623/tools/bin/../lib/gcc/arm-none-eabi/12.3.1/../../../../arm-none-eabi/lib/thumb/v6-m/nofp\libc_nano.a(libc_a-msizer.o)
 .ARM.attributes
                0x0000073b       0x2c C:/ST/STM32CubeIDE_1.16.0/STM32CubeIDE/plugins/com.st.stm32cube.ide.mcu.externaltools.gnu-tools-for-stm32.12.3.rel1.win32_1.0.200.202406191623/tools/bin/../lib/gcc/arm-none-eabi/12.3.1/../../../../arm-none-eabi/lib/thumb/v6-m/nofp\libm.a(libm_a-w_log10.o)
 .ARM.attributes
                0x00000767       0x2c C:/ST/STM32CubeIDE_1.16.0/STM32CubeIDE/plugins/com.st.stm32cube.ide.mcu.externaltools.gnu-tools-for-stm32.12.3.rel1.win32_1.0.200.202406191623/tools/bin/../lib/gcc/arm-none-eabi/12.3.1/../../../../arm-none-eabi/lib/thumb/v6-m/nofp\libm.a(libm_a-s_nan.o)
 .ARM.attributes
                0x00000793       0x2c C:/ST/STM32CubeIDE_1.16.0/STM32CubeIDE/plugins/com.st.stm32cube.ide.mcu.externaltools.gnu-tools-for-stm32.12.3.rel1.win32_1.0.200.202406191623/tools/bin/../lib/gcc/arm-none-eabi/12.3.1/../../../../arm-none-eabi/lib/thumb/v6-m/nofp\libm.a(libm_a-e_log10.o)
 .ARM.attributes
                0x000007bf       0x2c C:/ST/STM32CubeIDE_1.16.0/STM32CubeIDE/plugins/com.st.stm32cube.ide.mcu.externaltools.gnu-tools-for-stm32.12.3.rel1.win32_1.0.200.202406191623/tools/bin/../lib/gcc/arm-none-eabi/12.3.1/../../../../arm-none-eabi/lib/thumb/v6-m/nofp\libm.a(libm_a-e_log.o)
 .ARM.attributes
                0x000007eb       0x1e C:/ST/STM32CubeIDE_1.16.0/STM32CubeIDE/plugins/com.st.stm32cube.ide.mcu.externaltools.gnu-tools-for-stm32.12.3.rel1.win32_1.0.200.202406191623/tools/bin/../lib/gcc/arm-none-eabi/12.3.1/thumb/v6-m/nofp\libgcc.a(_thumb1_case_shi.o)
 .ARM.attributes
                0x00000809       0x1e C:/ST/STM32CubeIDE_1.16.0/STM32CubeIDE/plugins/com.st.stm32cube.ide.mcu.externaltools.gnu-tools-for-stm32.12.3.rel1.win32_1.0.200.202406191623/tools/bin/../lib/gcc/arm-none-eabi/12.3.1/thumb/v6-m/nofp\libgcc.a(_udivsi3.o)
 .ARM.attributes
                0x00000827       0x1e C:/ST/STM32CubeIDE_1.16.0/STM32CubeIDE/plugins/com.st.stm32cube.ide.mcu.externaltools.gnu-tools-for-stm32.12.3.rel1.win32_1.0.200.202406191623/tools/bin/../lib/gcc/arm-none-eabi/12.3.1/thumb/v6-m/nofp\libgcc.a(_divsi3.o)
 .ARM.attributes
                0x00000845       0x1e C:/ST/STM32CubeIDE_1.16.0/STM32CubeIDE/plugins/com.st.stm32cube.ide.mcu.externaltools.gnu-tools-for-stm32.12.3.rel1.win32_1.0.200.202406191623/tools/bin/../lib/gcc/arm-none-eabi/12.3.1/thumb/v6-m/nofp\libgcc.a(_dvmd_tls.o)
 .ARM.attributes
                0x00000863       0x1e C:/ST/STM32CubeIDE_1.16.0/STM32CubeIDE/plugins/com.st.stm32cube.ide.mcu.externaltools.gnu-tools-for-stm32.12.3.rel1.win32_1.0.200.202406191623/tools/bin/../lib/gcc/arm-none-eabi/12.3.1/thumb/v6-m/nofp\libgcc.a(_arm_cmpdf2.o)
 .ARM.attributes
                0x00000881       0x2c C:/ST/STM32CubeIDE_1.16.0/STM32CubeIDE/plugins/com.st.stm32cube.ide.mcu.externaltools.gnu-tools-for-stm32.12.3.rel1.win32_1.0.200.202406191623/tools/bin/../lib/gcc/arm-none-eabi/12.3.1/thumb/v6-m/nofp\libgcc.a(fixsfsi.o)
 .ARM.attributes
                0x000008ad       0x2c C:/ST/STM32CubeIDE_1.16.0/STM32CubeIDE/plugins/com.st.stm32cube.ide.mcu.externaltools.gnu-tools-for-stm32.12.3.rel1.win32_1.0.200.202406191623/tools/bin/../lib/gcc/arm-none-eabi/12.3.1/thumb/v6-m/nofp\libgcc.a(adddf3.o)
 .ARM.attributes
                0x000008d9       0x2c C:/ST/STM32CubeIDE_1.16.0/STM32CubeIDE/plugins/com.st.stm32cube.ide.mcu.externaltools.gnu-tools-for-stm32.12.3.rel1.win32_1.0.200.202406191623/tools/bin/../lib/gcc/arm-none-eabi/12.3.1/thumb/v6-m/nofp\libgcc.a(divdf3.o)
 .ARM.attributes
                0x00000905       0x2c C:/ST/STM32CubeIDE_1.16.0/STM32CubeIDE/plugins/com.st.stm32cube.ide.mcu.externaltools.gnu-tools-for-stm32.12.3.rel1.win32_1.0.200.202406191623/tools/bin/../lib/gcc/arm-none-eabi/12.3.1/thumb/v6-m/nofp\libgcc.a(eqdf2.o)
 .ARM.attributes
                0x00000931       0x2c C:/ST/STM32CubeIDE_1.16.0/STM32CubeIDE/plugins/com.st.stm32cube.ide.mcu.externaltools.gnu-tools-for-stm32.12.3.rel1.win32_1.0.200.202406191623/tools/bin/../lib/gcc/arm-none-eabi/12.3.1/thumb/v6-m/nofp\libgcc.a(gedf2.o)
 .ARM.attributes
                0x0000095d       0x2c C:/ST/STM32CubeIDE_1.16.0/STM32CubeIDE/plugins/com.st.stm32cube.ide.mcu.externaltools.gnu-tools-for-stm32.12.3.rel1.win32_1.0.200.202406191623/tools/bin/../lib/gcc/arm-none-eabi/12.3.1/thumb/v6-m/nofp\libgcc.a(ledf2.o)
 .ARM.attributes
                0x00000989       0x2c C:/ST/STM32CubeIDE_1.16.0/STM32CubeIDE/plugins/com.st.stm32cube.ide.mcu.externaltools.gnu-tools-for-stm32.12.3.rel1.win32_1.0.200.202406191623/tools/bin/../lib/gcc/arm-none-eabi/12.3.1/thumb/v6-m/nofp\libgcc.a(muldf3.o)
 .ARM.attributes
                0x000009b5       0x2c C:/ST/STM32CubeIDE_1.16.0/STM32CubeIDE/plugins/com.st.stm32cube.ide.mcu.externaltools.gnu-tools-for-stm32.12.3.rel1.win32_1.0.200.202406191623/tools/bin/../lib/gcc/arm-none-eabi/12.3.1/thumb/v6-m/nofp\libgcc.a(subdf3.o)
 .ARM.attributes
                0x000009e1       0x2c C:/ST/STM32CubeIDE_1.16.0/STM32CubeIDE/plugins/com.st.stm32cube.ide.mcu.externaltools.gnu-tools-for-stm32.12.3.rel1.win32_1.0.200.202406191623/tools/bin/../lib/gcc/arm-none-eabi/12.3.1/thumb/v6-m/nofp\libgcc.a(unorddf2.o)
 .ARM.attributes
                0x00000a0d       0x2c C:/ST/STM32CubeIDE_1.16.0/STM32CubeIDE/plugins/com.st.stm32cube.ide.mcu.externaltools.gnu-tools-for-stm32.12.3.rel1.win32_1.0.200.202406191623/tools/bin/../lib/gcc/arm-none-eabi/12.3.1/thumb/v6-m/nofp\libgcc.a(fixdfsi.o)
 .ARM.attributes
                0x00000a39       0x2c C:/ST/STM32CubeIDE_1.16.0/STM32CubeIDE/plugins/com.st.stm32cube.ide.mcu.externaltools.gnu-tools-for-stm32.12.3.rel1.win32_1.0.200.202406191623/tools/bin/../lib/gcc/arm-none-eabi/12.3.1/thumb/v6-m/nofp\libgcc.a(floatsidf.o)
 .ARM.attributes
                0x00000a65       0x2c C:/ST/STM32CubeIDE_1.16.0/STM32CubeIDE/plugins/com.st.stm32cube.ide.mcu.externaltools.gnu-tools-for-stm32.12.3.rel1.win32_1.0.200.202406191623/tools/bin/../lib/gcc/arm-none-eabi/12.3.1/thumb/v6-m/nofp\libgcc.a(extendsfdf2.o)
 .ARM.attributes
                0x00000a91       0x2c C:/ST/STM32CubeIDE_1.16.0/STM32CubeIDE/plugins/com.st.stm32cube.ide.mcu.externaltools.gnu-tools-for-stm32.12.3.rel1.win32_1.0.200.202406191623/tools/bin/../lib/gcc/arm-none-eabi/12.3.1/thumb/v6-m/nofp\libgcc.a(truncdfsf2.o)
 .ARM.attributes
                0x00000abd       0x1e C:/ST/STM32CubeIDE_1.16.0/STM32CubeIDE/plugins/com.st.stm32cube.ide.mcu.externaltools.gnu-tools-for-stm32.12.3.rel1.win32_1.0.200.202406191623/tools/bin/../lib/gcc/arm-none-eabi/12.3.1/thumb/v6-m/nofp\libgcc.a(_clzsi2.o)
 .ARM.attributes
                0x00000adb       0x1e C:/ST/STM32CubeIDE_1.16.0/STM32CubeIDE/plugins/com.st.stm32cube.ide.mcu.externaltools.gnu-tools-for-stm32.12.3.rel1.win32_1.0.200.202406191623/tools/bin/../lib/gcc/arm-none-eabi/12.3.1/thumb/v6-m/nofp/crtn.o
OUTPUT(stm32_nucleo_weather_station.elf elf32-littlearm)
LOAD linker stubs
LOAD C:/ST/STM32CubeIDE_1.16.0/STM32CubeIDE/plugins/com.st.stm32cube.ide.mcu.externaltools.gnu-tools-for-stm32.12.3.rel1.win32_1.0.200.202406191623/tools/bin/../lib/gcc/arm-none-eabi/12.3.1/../../../../arm-none-eabi/lib/thumb/v6-m/nofp\libc.a
LOAD C:/ST/STM32CubeIDE_1.16.0/STM32CubeIDE/plugins/com.st.stm32cube.ide.mcu.externaltools.gnu-tools-for-stm32.12.3.rel1.win32_1.0.200.202406191623/tools/bin/../lib/gcc/arm-none-eabi/12.3.1/../../../../arm-none-eabi/lib/thumb/v6-m/nofp\libm.a
LOAD C:/ST/STM32CubeIDE_1.16.0/STM32CubeIDE/plugins/com.st.stm32cube.ide.mcu.externaltools.gnu-tools-for-stm32.12.3.rel1.win32_1.0.200.202406191623/tools/bin/../lib/gcc/arm-none-eabi/12.3.1/thumb/v6-m/nofp\libgcc.a

.debug_info     0x00000000    0x1d776
 .debug_info    0x00000000     0x2007 ./Core/Src/bmp180.o
 .debug_info    0x00002007      0xd6f ./Core/Src/dht.o
 .debug_info    0x00002d76     0x1644 ./Core/Src/lcd16x2.o
 .debug_info    0x000043ba     0x32b4 ./Core/Src/main.o
 .debug_info    0x0000766e     0x13bb ./Core/Src/stm32f0xx_hal_msp.o
 .debug_info    0x00008a29       0xe1 ./Core/Src/stm32f0xx_it.o
 .debug_info    0x00008b0a      0x186 ./Core/Src/sysmem.o
 .debug_info    0x00008c90      0x271 ./Core/Src/system_stm32f0xx.o
 .debug_info    0x00008f01       0x30 ./Core/Startup/startup_stm32f042k6tx.o
 .debug_info    0x00008f31      0x77a ./Drivers/STM32F0xx_HAL_Driver/Src/stm32f0xx_hal.o
 .debug_info    0x000096ab      0x810 ./Drivers/STM32F0xx_HAL_Driver/Src/stm32f0xx_hal_cortex.o
 .debug_info    0x00009ebb      0x5e0 ./Drivers/STM32F0xx_HAL_Driver/Src/stm32f0xx_hal_gpio.o
 .debug_info    0x0000a49b     0x56d2 ./Drivers/STM32F0xx_HAL_Driver/Src/stm32f0xx_hal_i2c.o
 .debug_info    0x0000fb6d      0x849 ./Drivers/STM32F0xx_HAL_Driver/Src/stm32f0xx_hal_i2c_ex.o
 .debug_info    0x000103b6      0xa6c ./Drivers/STM32F0xx_HAL_Driver/Src/stm32f0xx_hal_rcc.o
 .debug_info    0x00010e22      0x6d0 ./Drivers/STM32F0xx_HAL_Driver/Src/stm32f0xx_hal_rcc_ex.o
 .debug_info    0x000114f2     0x12b9 ./Drivers/STM32F0xx_HAL_Driver/Src/stm32f0xx_hal_rtc.o
 .debug_info    0x000127ab     0x44f8 ./Drivers/STM32F0xx_HAL_Driver/Src/stm32f0xx_hal_tim.o
 .debug_info    0x00016ca3     0x1a7d ./Drivers/STM32F0xx_HAL_Driver/Src/stm32f0xx_hal_tim_ex.o
 .debug_info    0x00018720     0x5056 ./Drivers/STM32F0xx_HAL_Driver/Src/stm32f0xx_hal_uart.o

.debug_abbrev   0x00000000     0x344e
 .debug_abbrev  0x00000000      0x36d ./Core/Src/bmp180.o
 .debug_abbrev  0x0000036d      0x364 ./Core/Src/dht.o
 .debug_abbrev  0x000006d1      0x3c3 ./Core/Src/lcd16x2.o
 .debug_abbrev  0x00000a94      0x461 ./Core/Src/main.o
 .debug_abbrev  0x00000ef5      0x246 ./Core/Src/stm32f0xx_hal_msp.o
 .debug_abbrev  0x0000113b       0xb1 ./Core/Src/stm32f0xx_it.o
 .debug_abbrev  0x000011ec       0xdc ./Core/Src/sysmem.o
 .debug_abbrev  0x000012c8      0x138 ./Core/Src/system_stm32f0xx.o
 .debug_abbrev  0x00001400       0x24 ./Core/Startup/startup_stm32f042k6tx.o
 .debug_abbrev  0x00001424      0x2c7 ./Drivers/STM32F0xx_HAL_Driver/Src/stm32f0xx_hal.o
 .debug_abbrev  0x000016eb      0x2bf ./Drivers/STM32F0xx_HAL_Driver/Src/stm32f0xx_hal_cortex.o
 .debug_abbrev  0x000019aa      0x20c ./Drivers/STM32F0xx_HAL_Driver/Src/stm32f0xx_hal_gpio.o
 .debug_abbrev  0x00001bb6      0x3d9 ./Drivers/STM32F0xx_HAL_Driver/Src/stm32f0xx_hal_i2c.o
 .debug_abbrev  0x00001f8f      0x1c7 ./Drivers/STM32F0xx_HAL_Driver/Src/stm32f0xx_hal_i2c_ex.o
 .debug_abbrev  0x00002156      0x2cd ./Drivers/STM32F0xx_HAL_Driver/Src/stm32f0xx_hal_rcc.o
 .debug_abbrev  0x00002423      0x241 ./Drivers/STM32F0xx_HAL_Driver/Src/stm32f0xx_hal_rcc_ex.o
 .debug_abbrev  0x00002664      0x2fd ./Drivers/STM32F0xx_HAL_Driver/Src/stm32f0xx_hal_rtc.o
 .debug_abbrev  0x00002961      0x39b ./Drivers/STM32F0xx_HAL_Driver/Src/stm32f0xx_hal_tim.o
 .debug_abbrev  0x00002cfc      0x37d ./Drivers/STM32F0xx_HAL_Driver/Src/stm32f0xx_hal_tim_ex.o
 .debug_abbrev  0x00003079      0x3d5 ./Drivers/STM32F0xx_HAL_Driver/Src/stm32f0xx_hal_uart.o

.debug_loclists
                0x00000000     0xf34d
 .debug_loclists
                0x00000000      0x666 ./Core/Src/bmp180.o
 .debug_loclists
                0x00000666      0x2a1 ./Core/Src/dht.o
 .debug_loclists
                0x00000907      0x81f ./Core/Src/lcd16x2.o
 .debug_loclists
                0x00001126      0x6c8 ./Core/Src/main.o
 .debug_loclists
                0x000017ee       0xb1 ./Core/Src/stm32f0xx_hal_msp.o
 .debug_loclists
                0x0000189f       0x5e ./Core/Src/sysmem.o
 .debug_loclists
                0x000018fd       0xbd ./Core/Src/system_stm32f0xx.o
 .debug_loclists
                0x000019ba       0xdb ./Drivers/STM32F0xx_HAL_Driver/Src/stm32f0xx_hal.o
 .debug_loclists
                0x00001a95      0x1d8 ./Drivers/STM32F0xx_HAL_Driver/Src/stm32f0xx_hal_cortex.o
 .debug_loclists
                0x00001c6d      0x348 ./Drivers/STM32F0xx_HAL_Driver/Src/stm32f0xx_hal_gpio.o
 .debug_loclists
                0x00001fb5     0x51e6 ./Drivers/STM32F0xx_HAL_Driver/Src/stm32f0xx_hal_i2c.o
 .debug_loclists
                0x0000719b      0x117 ./Drivers/STM32F0xx_HAL_Driver/Src/stm32f0xx_hal_i2c_ex.o
 .debug_loclists
                0x000072b2      0x360 ./Drivers/STM32F0xx_HAL_Driver/Src/stm32f0xx_hal_rcc.o
 .debug_loclists
                0x00007612      0x455 ./Drivers/STM32F0xx_HAL_Driver/Src/stm32f0xx_hal_rcc_ex.o
 .debug_loclists
                0x00007a67      0xce2 ./Drivers/STM32F0xx_HAL_Driver/Src/stm32f0xx_hal_rtc.o
 .debug_loclists
                0x00008749     0x39b7 ./Drivers/STM32F0xx_HAL_Driver/Src/stm32f0xx_hal_tim.o
 .debug_loclists
                0x0000c100      0xfc4 ./Drivers/STM32F0xx_HAL_Driver/Src/stm32f0xx_hal_tim_ex.o
 .debug_loclists
                0x0000d0c4     0x2289 ./Drivers/STM32F0xx_HAL_Driver/Src/stm32f0xx_hal_uart.o

.debug_aranges  0x00000000     0x1010
 .debug_aranges
                0x00000000       0x70 ./Core/Src/bmp180.o
 .debug_aranges
                0x00000070       0x48 ./Core/Src/dht.o
 .debug_aranges
                0x000000b8       0xa8 ./Core/Src/lcd16x2.o
 .debug_aranges
                0x00000160       0x60 ./Core/Src/main.o
 .debug_aranges
                0x000001c0       0x60 ./Core/Src/stm32f0xx_hal_msp.o
 .debug_aranges
                0x00000220       0x40 ./Core/Src/stm32f0xx_it.o
 .debug_aranges
                0x00000260       0x20 ./Core/Src/sysmem.o
 .debug_aranges
                0x00000280       0x28 ./Core/Src/system_stm32f0xx.o
 .debug_aranges
                0x000002a8       0x28 ./Core/Startup/startup_stm32f042k6tx.o
 .debug_aranges
                0x000002d0       0xd0 ./Drivers/STM32F0xx_HAL_Driver/Src/stm32f0xx_hal.o
 .debug_aranges
                0x000003a0       0x78 ./Drivers/STM32F0xx_HAL_Driver/Src/stm32f0xx_hal_cortex.o
 .debug_aranges
                0x00000418       0x58 ./Drivers/STM32F0xx_HAL_Driver/Src/stm32f0xx_hal_gpio.o
 .debug_aranges
                0x00000470      0x260 ./Drivers/STM32F0xx_HAL_Driver/Src/stm32f0xx_hal_i2c.o
 .debug_aranges
                0x000006d0       0x48 ./Drivers/STM32F0xx_HAL_Driver/Src/stm32f0xx_hal_i2c_ex.o
 .debug_aranges
                0x00000718       0x80 ./Drivers/STM32F0xx_HAL_Driver/Src/stm32f0xx_hal_rcc.o
 .debug_aranges
                0x00000798       0x78 ./Drivers/STM32F0xx_HAL_Driver/Src/stm32f0xx_hal_rcc_ex.o
 .debug_aranges
                0x00000810       0xe8 ./Drivers/STM32F0xx_HAL_Driver/Src/stm32f0xx_hal_rtc.o
 .debug_aranges
                0x000008f8      0x3a0 ./Drivers/STM32F0xx_HAL_Driver/Src/stm32f0xx_hal_tim.o
 .debug_aranges
                0x00000c98      0x160 ./Drivers/STM32F0xx_HAL_Driver/Src/stm32f0xx_hal_tim_ex.o
 .debug_aranges
                0x00000df8      0x218 ./Drivers/STM32F0xx_HAL_Driver/Src/stm32f0xx_hal_uart.o

.debug_rnglists
                0x00000000     0x1bfd
 .debug_rnglists
                0x00000000      0x3b3 ./Core/Src/bmp180.o
 .debug_rnglists
                0x000003b3       0x61 ./Core/Src/dht.o
 .debug_rnglists
                0x00000414      0x226 ./Core/Src/lcd16x2.o
 .debug_rnglists
                0x0000063a       0xa1 ./Core/Src/main.o
 .debug_rnglists
                0x000006db       0x9e ./Core/Src/stm32f0xx_hal_msp.o
 .debug_rnglists
                0x00000779       0x2b ./Core/Src/stm32f0xx_it.o
 .debug_rnglists
                0x000007a4       0x13 ./Core/Src/sysmem.o
 .debug_rnglists
                0x000007b7       0x19 ./Core/Src/system_stm32f0xx.o
 .debug_rnglists
                0x000007d0       0x1a ./Core/Startup/startup_stm32f042k6tx.o
 .debug_rnglists
                0x000007ea       0x97 ./Drivers/STM32F0xx_HAL_Driver/Src/stm32f0xx_hal.o
 .debug_rnglists
                0x00000881       0x7f ./Drivers/STM32F0xx_HAL_Driver/Src/stm32f0xx_hal_cortex.o
 .debug_rnglists
                0x00000900       0x57 ./Drivers/STM32F0xx_HAL_Driver/Src/stm32f0xx_hal_gpio.o
 .debug_rnglists
                0x00000957      0x6a2 ./Drivers/STM32F0xx_HAL_Driver/Src/stm32f0xx_hal_i2c.o
 .debug_rnglists
                0x00000ff9       0x4f ./Drivers/STM32F0xx_HAL_Driver/Src/stm32f0xx_hal_i2c_ex.o
 .debug_rnglists
                0x00001048       0xa2 ./Drivers/STM32F0xx_HAL_Driver/Src/stm32f0xx_hal_rcc.o
 .debug_rnglists
                0x000010ea       0x7d ./Drivers/STM32F0xx_HAL_Driver/Src/stm32f0xx_hal_rcc_ex.o
 .debug_rnglists
                0x00001167      0x176 ./Drivers/STM32F0xx_HAL_Driver/Src/stm32f0xx_hal_rtc.o
 .debug_rnglists
                0x000012dd      0x54a ./Drivers/STM32F0xx_HAL_Driver/Src/stm32f0xx_hal_tim.o
 .debug_rnglists
                0x00001827      0x167 ./Drivers/STM32F0xx_HAL_Driver/Src/stm32f0xx_hal_tim_ex.o
 .debug_rnglists
                0x0000198e      0x26f ./Drivers/STM32F0xx_HAL_Driver/Src/stm32f0xx_hal_uart.o

.debug_macro    0x00000000    0x1a848
 .debug_macro   0x00000000      0x2ae ./Core/Src/bmp180.o
 .debug_macro   0x000002ae      0xa8a ./Core/Src/bmp180.o
 .debug_macro   0x00000d38      0x139 ./Core/Src/bmp180.o
 .debug_macro   0x00000e71       0x2e ./Core/Src/bmp180.o
 .debug_macro   0x00000e9f       0x22 ./Core/Src/bmp180.o
 .debug_macro   0x00000ec1       0x22 ./Core/Src/bmp180.o
 .debug_macro   0x00000ee3       0x8e ./Core/Src/bmp180.o
 .debug_macro   0x00000f71       0x51 ./Core/Src/bmp180.o
 .debug_macro   0x00000fc2      0x103 ./Core/Src/bmp180.o
 .debug_macro   0x000010c5       0x6a ./Core/Src/bmp180.o
 .debug_macro   0x0000112f      0x1df ./Core/Src/bmp180.o
 .debug_macro   0x0000130e       0x1c ./Core/Src/bmp180.o
 .debug_macro   0x0000132a       0x22 ./Core/Src/bmp180.o
 .debug_macro   0x0000134c       0xaf ./Core/Src/bmp180.o
 .debug_macro   0x000013fb      0x391 ./Core/Src/bmp180.o
 .debug_macro   0x0000178c     0xf209 ./Core/Src/bmp180.o
 .debug_macro   0x00010995       0x66 ./Core/Src/bmp180.o
 .debug_macro   0x000109fb     0x34be ./Core/Src/bmp180.o
 .debug_macro   0x00013eb9      0x189 ./Core/Src/bmp180.o
 .debug_macro   0x00014042       0x55 ./Core/Src/bmp180.o
 .debug_macro   0x00014097      0x946 ./Core/Src/bmp180.o
 .debug_macro   0x000149dd      0x46b ./Core/Src/bmp180.o
 .debug_macro   0x00014e48      0x1ae ./Core/Src/bmp180.o
 .debug_macro   0x00014ff6      0x130 ./Core/Src/bmp180.o
 .debug_macro   0x00015126      0x199 ./Core/Src/bmp180.o
 .debug_macro   0x000152bf      0x1ed ./Core/Src/bmp180.o
 .debug_macro   0x000154ac       0x34 ./Core/Src/bmp180.o
 .debug_macro   0x000154e0       0x43 ./Core/Src/bmp180.o
 .debug_macro   0x00015523       0x28 ./Core/Src/bmp180.o
 .debug_macro   0x0001554b       0xb0 ./Core/Src/bmp180.o
 .debug_macro   0x000155fb      0x182 ./Core/Src/bmp180.o
 .debug_macro   0x0001577d      0x22c ./Core/Src/bmp180.o
 .debug_macro   0x000159a9       0x61 ./Core/Src/bmp180.o
 .debug_macro   0x00015a0a       0xa5 ./Core/Src/bmp180.o
 .debug_macro   0x00015aaf       0x4c ./Core/Src/bmp180.o
 .debug_macro   0x00015afb      0x15b ./Core/Src/bmp180.o
 .debug_macro   0x00015c56      0x2bf ./Core/Src/bmp180.o
 .debug_macro   0x00015f15      0x301 ./Core/Src/bmp180.o
 .debug_macro   0x00016216       0xeb ./Core/Src/bmp180.o
 .debug_macro   0x00016301      0x8f4 ./Core/Src/bmp180.o
 .debug_macro   0x00016bf5       0x28 ./Core/Src/bmp180.o
 .debug_macro   0x00016c1d      0x5ba ./Core/Src/bmp180.o
 .debug_macro   0x000171d7       0x44 ./Core/Src/bmp180.o
 .debug_macro   0x0001721b      0x12e ./Core/Src/bmp180.o
 .debug_macro   0x00017349       0xd0 ./Core/Src/bmp180.o
 .debug_macro   0x00017419       0x2e ./Core/Src/bmp180.o
 .debug_macro   0x00017447       0x61 ./Core/Src/bmp180.o
 .debug_macro   0x000174a8       0x24 ./Core/Src/bmp180.o
 .debug_macro   0x000174cc       0x43 ./Core/Src/bmp180.o
 .debug_macro   0x0001750f       0x34 ./Core/Src/bmp180.o
 .debug_macro   0x00017543       0x16 ./Core/Src/bmp180.o
 .debug_macro   0x00017559       0x43 ./Core/Src/bmp180.o
 .debug_macro   0x0001759c       0x34 ./Core/Src/bmp180.o
 .debug_macro   0x000175d0       0x10 ./Core/Src/bmp180.o
 .debug_macro   0x000175e0       0x58 ./Core/Src/bmp180.o
 .debug_macro   0x00017638       0x8e ./Core/Src/bmp180.o
 .debug_macro   0x000176c6       0x1c ./Core/Src/bmp180.o
 .debug_macro   0x000176e2      0x177 ./Core/Src/bmp180.o
 .debug_macro   0x00017859      0x369 ./Core/Src/bmp180.o
 .debug_macro   0x00017bc2      0x19b ./Core/Src/bmp180.o
 .debug_macro   0x00017d5d      0x2a4 ./Core/Src/dht.o
 .debug_macro   0x00018001       0x2e ./Core/Src/dht.o
 .debug_macro   0x0001802f      0x38c ./Core/Src/lcd16x2.o
 .debug_macro   0x000183bb       0x22 ./Core/Src/lcd16x2.o
 .debug_macro   0x000183dd       0x10 ./Core/Src/lcd16x2.o
 .debug_macro   0x000183ed       0x35 ./Core/Src/lcd16x2.o
 .debug_macro   0x00018422       0x20 ./Core/Src/lcd16x2.o
 .debug_macro   0x00018442       0x1c ./Core/Src/lcd16x2.o
 .debug_macro   0x0001845e       0x10 ./Core/Src/lcd16x2.o
 .debug_macro   0x0001846e       0x1c ./Core/Src/lcd16x2.o
 .debug_macro   0x0001848a       0x16 ./Core/Src/lcd16x2.o
 .debug_macro   0x000184a0      0x146 ./Core/Src/lcd16x2.o
 .debug_macro   0x000185e6       0x4c ./Core/Src/lcd16x2.o
 .debug_macro   0x00018632      0x2eb ./Core/Src/main.o
 .debug_macro   0x0001891d       0x34 ./Core/Src/main.o
 .debug_macro   0x00018951       0x34 ./Core/Src/main.o
 .debug_macro   0x00018985       0x16 ./Core/Src/main.o
 .debug_macro   0x0001899b       0x16 ./Core/Src/main.o
 .debug_macro   0x000189b1      0x1ea ./Core/Src/stm32f0xx_hal_msp.o
 .debug_macro   0x00018b9b      0x1f4 ./Core/Src/stm32f0xx_it.o
 .debug_macro   0x00018d8f       0xff ./Core/Src/sysmem.o
 .debug_macro   0x00018e8e      0x23c ./Core/Src/sysmem.o
 .debug_macro   0x000190ca      0x1db ./Core/Src/system_stm32f0xx.o
 .debug_macro   0x000192a5      0x1ff ./Drivers/STM32F0xx_HAL_Driver/Src/stm32f0xx_hal.o
 .debug_macro   0x000194a4      0x1db ./Drivers/STM32F0xx_HAL_Driver/Src/stm32f0xx_hal_cortex.o
 .debug_macro   0x0001967f      0x1e2 ./Drivers/STM32F0xx_HAL_Driver/Src/stm32f0xx_hal_gpio.o
 .debug_macro   0x00019861      0x2a7 ./Drivers/STM32F0xx_HAL_Driver/Src/stm32f0xx_hal_i2c.o
 .debug_macro   0x00019b08      0x1db ./Drivers/STM32F0xx_HAL_Driver/Src/stm32f0xx_hal_i2c_ex.o
 .debug_macro   0x00019ce3      0x1ed ./Drivers/STM32F0xx_HAL_Driver/Src/stm32f0xx_hal_rcc.o
 .debug_macro   0x00019ed0      0x1ed ./Drivers/STM32F0xx_HAL_Driver/Src/stm32f0xx_hal_rcc_ex.o
 .debug_macro   0x0001a0bd      0x1dc ./Drivers/STM32F0xx_HAL_Driver/Src/stm32f0xx_hal_rtc.o
 .debug_macro   0x0001a299      0x1dc ./Drivers/STM32F0xx_HAL_Driver/Src/stm32f0xx_hal_tim.o
 .debug_macro   0x0001a475      0x1db ./Drivers/STM32F0xx_HAL_Driver/Src/stm32f0xx_hal_tim_ex.o
 .debug_macro   0x0001a650      0x1f8 ./Drivers/STM32F0xx_HAL_Driver/Src/stm32f0xx_hal_uart.o

.debug_line     0x00000000    0x200d0
 .debug_line    0x00000000     0x10ef ./Core/Src/bmp180.o
 .debug_line    0x000010ef      0xc8e ./Core/Src/dht.o
 .debug_line    0x00001d7d     0x126e ./Core/Src/lcd16x2.o
 .debug_line    0x00002feb     0x1861 ./Core/Src/main.o
 .debug_line    0x0000484c      0xa0a ./Core/Src/stm32f0xx_hal_msp.o
 .debug_line    0x00005256      0x81e ./Core/Src/stm32f0xx_it.o
 .debug_line    0x00005a74      0x5c0 ./Core/Src/sysmem.o
 .debug_line    0x00006034      0x841 ./Core/Src/system_stm32f0xx.o
 .debug_line    0x00006875       0x8d ./Core/Startup/startup_stm32f042k6tx.o
 .debug_line    0x00006902      0xb1d ./Drivers/STM32F0xx_HAL_Driver/Src/stm32f0xx_hal.o
 .debug_line    0x0000741f      0xb52 ./Drivers/STM32F0xx_HAL_Driver/Src/stm32f0xx_hal_cortex.o
 .debug_line    0x00007f71      0xd1d ./Drivers/STM32F0xx_HAL_Driver/Src/stm32f0xx_hal_gpio.o
 .debug_line    0x00008c8e     0x6f1d ./Drivers/STM32F0xx_HAL_Driver/Src/stm32f0xx_hal_i2c.o
 .debug_line    0x0000fbab      0xb33 ./Drivers/STM32F0xx_HAL_Driver/Src/stm32f0xx_hal_i2c_ex.o
 .debug_line    0x000106de     0x1426 ./Drivers/STM32F0xx_HAL_Driver/Src/stm32f0xx_hal_rcc.o
 .debug_line    0x00011b04      0xecf ./Drivers/STM32F0xx_HAL_Driver/Src/stm32f0xx_hal_rcc_ex.o
 .debug_line    0x000129d3     0x1b43 ./Drivers/STM32F0xx_HAL_Driver/Src/stm32f0xx_hal_rtc.o
 .debug_line    0x00014516     0x5646 ./Drivers/STM32F0xx_HAL_Driver/Src/stm32f0xx_hal_tim.o
 .debug_line    0x00019b5c     0x1f61 ./Drivers/STM32F0xx_HAL_Driver/Src/stm32f0xx_hal_tim_ex.o
 .debug_line    0x0001babd     0x4613 ./Drivers/STM32F0xx_HAL_Driver/Src/stm32f0xx_hal_uart.o

.debug_str      0x00000000    0x98efc
 .debug_str     0x00000000    0x934d2 ./Core/Src/bmp180.o
                              0x93811 (size before relaxing)
 .debug_str     0x000934d2      0x4bf ./Core/Src/dht.o
                              0x9360e (size before relaxing)
 .debug_str     0x00093991      0xc11 ./Core/Src/lcd16x2.o
                              0x9337e (size before relaxing)
 .debug_str     0x000945a2      0xa0d ./Core/Src/main.o
                              0x94385 (size before relaxing)
 .debug_str     0x00094faf       0xe0 ./Core/Src/stm32f0xx_hal_msp.o
                              0x902c2 (size before relaxing)
 .debug_str     0x0009508f       0x82 ./Core/Src/stm32f0xx_it.o
                              0x8f60d (size before relaxing)
 .debug_str     0x00095111      0x4dc ./Core/Src/sysmem.o
                               0x5fbe (size before relaxing)
 .debug_str     0x000955ed       0x8b ./Core/Src/system_stm32f0xx.o
                              0x8f368 (size before relaxing)
 .debug_str     0x00095678       0x44 ./Core/Startup/startup_stm32f042k6tx.o
                                 0x7a (size before relaxing)
 .debug_str     0x000956bc      0x4cb ./Drivers/STM32F0xx_HAL_Driver/Src/stm32f0xx_hal.o
                              0x8f91a (size before relaxing)
 .debug_str     0x00095b87      0x1a0 ./Drivers/STM32F0xx_HAL_Driver/Src/stm32f0xx_hal_cortex.o
                              0x8f6fd (size before relaxing)
 .debug_str     0x00095d27       0xe0 ./Drivers/STM32F0xx_HAL_Driver/Src/stm32f0xx_hal_gpio.o
                              0x8f4fb (size before relaxing)
 .debug_str     0x00095e07      0xe2c ./Drivers/STM32F0xx_HAL_Driver/Src/stm32f0xx_hal_i2c.o
                              0x906bb (size before relaxing)
 .debug_str     0x00096c33       0xb8 ./Drivers/STM32F0xx_HAL_Driver/Src/stm32f0xx_hal_i2c_ex.o
                              0x8f8e2 (size before relaxing)
 .debug_str     0x00096ceb      0x20f ./Drivers/STM32F0xx_HAL_Driver/Src/stm32f0xx_hal_rcc.o
                              0x8f7af (size before relaxing)
 .debug_str     0x00096efa      0x2af ./Drivers/STM32F0xx_HAL_Driver/Src/stm32f0xx_hal_rcc_ex.o
                              0x8f752 (size before relaxing)
 .debug_str     0x000971a9      0x26d ./Drivers/STM32F0xx_HAL_Driver/Src/stm32f0xx_hal_rtc.o
                              0x8f85a (size before relaxing)
 .debug_str     0x00097416      0xdd6 ./Drivers/STM32F0xx_HAL_Driver/Src/stm32f0xx_hal_tim.o
                              0x90760 (size before relaxing)
 .debug_str     0x000981ec      0x493 ./Drivers/STM32F0xx_HAL_Driver/Src/stm32f0xx_hal_tim_ex.o
                              0x8ff7c (size before relaxing)
 .debug_str     0x0009867f      0x87d ./Drivers/STM32F0xx_HAL_Driver/Src/stm32f0xx_hal_uart.o
                              0x900cc (size before relaxing)

.comment        0x00000000       0x43
 .comment       0x00000000       0x43 ./Core/Src/bmp180.o
                                 0x44 (size before relaxing)
 .comment       0x00000043       0x44 ./Core/Src/dht.o
 .comment       0x00000043       0x44 ./Core/Src/lcd16x2.o
 .comment       0x00000043       0x44 ./Core/Src/main.o
 .comment       0x00000043       0x44 ./Core/Src/stm32f0xx_hal_msp.o
 .comment       0x00000043       0x44 ./Core/Src/stm32f0xx_it.o
 .comment       0x00000043       0x44 ./Core/Src/sysmem.o
 .comment       0x00000043       0x44 ./Core/Src/system_stm32f0xx.o
 .comment       0x00000043       0x44 ./Drivers/STM32F0xx_HAL_Driver/Src/stm32f0xx_hal.o
 .comment       0x00000043       0x44 ./Drivers/STM32F0xx_HAL_Driver/Src/stm32f0xx_hal_cortex.o
 .comment       0x00000043       0x44 ./Drivers/STM32F0xx_HAL_Driver/Src/stm32f0xx_hal_gpio.o
 .comment       0x00000043       0x44 ./Drivers/STM32F0xx_HAL_Driver/Src/stm32f0xx_hal_i2c.o
 .comment       0x00000043       0x44 ./Drivers/STM32F0xx_HAL_Driver/Src/stm32f0xx_hal_i2c_ex.o
 .comment       0x00000043       0x44 ./Drivers/STM32F0xx_HAL_Driver/Src/stm32f0xx_hal_rcc.o
 .comment       0x00000043       0x44 ./Drivers/STM32F0xx_HAL_Driver/Src/stm32f0xx_hal_rcc_ex.o
 .comment       0x00000043       0x44 ./Drivers/STM32F0xx_HAL_Driver/Src/stm32f0xx_hal_rtc.o
 .comment       0x00000043       0x44 ./Drivers/STM32F0xx_HAL_Driver/Src/stm32f0xx_hal_tim.o
 .comment       0x00000043       0x44 ./Drivers/STM32F0xx_HAL_Driver/Src/stm32f0xx_hal_tim_ex.o
 .comment       0x00000043       0x44 ./Drivers/STM32F0xx_HAL_Driver/Src/stm32f0xx_hal_uart.o

.debug_frame    0x00000000     0x36d0
 .debug_frame   0x00000000      0x154 ./Core/Src/bmp180.o
 .debug_frame   0x00000154       0xc0 ./Core/Src/dht.o
 .debug_frame   0x00000214      0x228 ./Core/Src/lcd16x2.o
 .debug_frame   0x0000043c      0x144 ./Core/Src/main.o
 .debug_frame   0x00000580       0xd0 ./Core/Src/stm32f0xx_hal_msp.o
 .debug_frame   0x00000650       0x68 ./Core/Src/stm32f0xx_it.o
 .debug_frame   0x000006b8       0x28 ./Core/Src/sysmem.o
 .debug_frame   0x000006e0       0x3c ./Core/Src/system_stm32f0xx.o
 .debug_frame   0x0000071c      0x1b4 ./Drivers/STM32F0xx_HAL_Driver/Src/stm32f0xx_hal.o
 .debug_frame   0x000008d0       0xe0 ./Drivers/STM32F0xx_HAL_Driver/Src/stm32f0xx_hal_cortex.o
 .debug_frame   0x000009b0       0xd4 ./Drivers/STM32F0xx_HAL_Driver/Src/stm32f0xx_hal_gpio.o
 .debug_frame   0x00000a84      0x878 ./Drivers/STM32F0xx_HAL_Driver/Src/stm32f0xx_hal_i2c.o
 .debug_frame   0x000012fc       0xbc ./Drivers/STM32F0xx_HAL_Driver/Src/stm32f0xx_hal_i2c_ex.o
 .debug_frame   0x000013b8      0x150 ./Drivers/STM32F0xx_HAL_Driver/Src/stm32f0xx_hal_rcc.o