../Core/Src/lcd16x2.c:64:17:DWT_Delay_Init	4	static,ignoring_inline_asm
../Core/Src/lcd16x2.c:100:13:lcd16x2_enablePulse	8	static
../Core/Src/lcd16x2.c:113:13:lcd16x2_rs	16	static
../Core/Src/lcd16x2.c:121:13:lcd16x2_write	24	static
../Core/Src/lcd16x2.c:158:13:lcd16x2_writeCommand	16	static
../Core/Src/lcd16x2.c:167:6:lcd16x2_writeData	16	static
../Core/Src/lcd16x2.c:176:13:lcd16x2_write4	16	static
../Core/Src/lcd16x2.c:197:6:lcd16x2_init_8bits	24	static
../Core/Src/lcd16x2.c:244:6:lcd16x2_init_4bits	24	static
../Core/Src/lcd16x2.c:287:6:lcd16x2_setCursor	24	static
../Core/Src/lcd16x2.c:305:6:lcd16x2_1stLine	8	static
../Core/Src/lcd16x2.c:312:6:lcd16x2_2ndLine	8	static
../Core/Src/lcd16x2.c:320:6:lcd16x2_twoLines	8	static
../Core/Src/lcd16x2.c:325:6:lcd16x2_oneLine	8	static
../Core/Src/lcd16x2.c:334:6:lcd16x2_cursorShow	16	static
../Core/Src/lcd16x2.c:351:6:lcd16x2_clear	8	static
../Core/Src/lcd16x2.c:360:6:lcd16x2_display	16	static
../Core/Src/lcd16x2.c:377:6:lcd16x2_shiftRight	24	static
../Core/Src/lcd16x2.c:388:6:lcd16x2_shiftLeft	24	static
../Core/Src/lcd16x2.c:399:6:lcd16x2_printf	48	static
../Core/Src/lcd16x2.c:412:6:lcd16x2_custom_char	24	static
