../Core/Src/main.c:111:6:delay_us	16	static
../Core/Src/main.c:117:6:delay_ms	16	static
../Core/Src/main.c:128:6:HAL_GPIO_EXTI_Callback	16	static
../Core/Src/main.c:141:6:set_time	48	static
../Core/Src/main.c:240:6:set_date	56	static
../Core/Src/main.c:349:6:set_pressure_unit	40	static
../Core/Src/main.c:402:6:set_temperature_unit	40	static
../Core/Src/main.c:455:6:main_menu	64	static
../Core/Src/main.c:523:5:main	216	static
../Core/Src/main.c:726:6:SystemClock_Config	72	static
../Core/Src/main.c:763:13:MX_I2C1_Init	8	static
../Core/Src/main.c:797:13:MX_TIM1_Init	32	static
../Core/Src/main.c:843:13:MX_USART1_UART_Init	8	static
../Core/Src/main.c:876:13:MX_GPIO_Init	40	static
../Core/Src/main.c:941:6:Error_Handler	4	static,ignoring_inline_asm
